::ffff:127.0.0.1 - - [30/Aug/2017:05:00:41 +0000] "GET /Mobius HTTP/1.1" 200 - "-" "-"
::ffff:127.0.0.1 - - [30/Aug/2017:05:00:41 +0000] "GET /Mobius HTTP/1.1" 200 - "-" "-"
::ffff:127.0.0.1 - - [30/Aug/2017:05:00:41 +0000] "GET /Mobius HTTP/1.1" 200 - "-" "-"
::ffff:127.0.0.1 - - [30/Aug/2017:05:00:44 +0000] "GET /Mobius?fu=1&ty=29 HTTP/1.1" 200 - "-" "-"
::ffff:127.0.0.1 - - [30/Aug/2017:05:00:44 +0000] "POST /Mobius/lch/co2 HTTP/1.1" 201 - "-" "-"
::ffff:127.0.0.1 - - [30/Aug/2017:05:00:49 +0000] "POST /Mobius/lch/co2 HTTP/1.1" 201 - "-" "-"
::ffff:127.0.0.1 - - [30/Aug/2017:05:00:54 +0000] "POST /Mobius/lch/co2 HTTP/1.1" 201 - "-" "-"
::ffff:127.0.0.1 - - [30/Aug/2017:05:00:59 +0000] "POST /Mobius/lch/co2 HTTP/1.1" 201 - "-" "-"
::ffff:192.168.0.42 - - [30/Aug/2017:05:01:01 +0000] "POST /Mobius/lch/led HTTP/1.1" 409 - "-" "-"
::ffff:127.0.0.1 - - [30/Aug/2017:05:01:04 +0000] "POST /Mobius/lch/co2 HTTP/1.1" 201 - "-" "-"
::ffff:192.168.0.42 - - [30/Aug/2017:05:01:06 +0000] "GET /Mobius/lch/led HTTP/1.1" 200 - "-" "-"
::ffff:127.0.0.1 - - [30/Aug/2017:05:01:09 +0000] "POST /Mobius/lch/co2 HTTP/1.1" 201 - "-" "-"
::ffff:192.168.0.42 - - [30/Aug/2017:05:01:12 +0000] "POST /Mobius/lch/led HTTP/1.1" 409 - "-" "-"
::ffff:127.0.0.1 - - [30/Aug/2017:05:01:14 +0000] "POST /Mobius/lch/co2 HTTP/1.1" 201 - "-" "-"
::ffff:192.168.0.42 - - [30/Aug/2017:05:01:17 +0000] "GET /Mobius/lch/led/1 HTTP/1.1" 200 - "-" "-"
::ffff:192.168.0.42 - - [30/Aug/2017:05:01:18 +0000] "GET /Mobius/lch/led HTTP/1.1" 200 - "-" "-"
::ffff:127.0.0.1 - - [30/Aug/2017:05:01:19 +0000] "POST /Mobius/lch/co2 HTTP/1.1" 201 - "-" "-"
::ffff:192.168.0.42 - - [30/Aug/2017:05:01:22 +0000] "POST /Mobius/lch/led HTTP/1.1" 201 - "-" "-"
::ffff:127.0.0.1 - - [30/Aug/2017:05:01:24 +0000] "POST /Mobius/lch/co2 HTTP/1.1" 201 - "-" "-"
::ffff:127.0.0.1 - - [30/Aug/2017:05:01:29 +0000] "POST /Mobius/lch/co2 HTTP/1.1" 201 - "-" "-"
::ffff:127.0.0.1 - - [30/Aug/2017:05:01:34 +0000] "POST /Mobius/lch/co2 HTTP/1.1" 201 - "-" "-"
::ffff:192.168.0.42 - - [30/Aug/2017:05:01:36 +0000] "POST /Mobius/lch/led HTTP/1.1" 201 - "-" "Mozilla/5.0 (Windows NT 10.0; Win64; x64) AppleWebKit/537.36 (KHTML, like Gecko) Chrome/60.0.3112.113 Safari/537.36"
::ffff:127.0.0.1 - - [30/Aug/2017:05:01:39 +0000] "POST /Mobius/lch/co2 HTTP/1.1" 201 - "-" "-"
::ffff:127.0.0.1 - - [30/Aug/2017:05:01:44 +0000] "POST /Mobius/lch/co2 HTTP/1.1" 201 - "-" "-"
::ffff:127.0.0.1 - - [30/Aug/2017:05:01:49 +0000] "POST /Mobius/lch/co2 HTTP/1.1" 201 - "-" "-"
::ffff:192.168.0.42 - - [30/Aug/2017:05:01:52 +0000] "POST /Mobius/lch/led HTTP/1.1" 201 - "-" "Mozilla/5.0 (Windows NT 10.0; Win64; x64) AppleWebKit/537.36 (KHTML, like Gecko) Chrome/60.0.3112.113 Safari/537.36"
::ffff:127.0.0.1 - - [30/Aug/2017:05:01:54 +0000] "POST /Mobius/lch/co2 HTTP/1.1" 201 - "-" "-"
::ffff:127.0.0.1 - - [30/Aug/2017:05:01:59 +0000] "POST /Mobius/lch/co2 HTTP/1.1" 201 - "-" "-"
::ffff:192.168.0.42 - - [30/Aug/2017:05:01:59 +0000] "POST /Mobius/lch/led HTTP/1.1" 201 - "-" "Mozilla/5.0 (Windows NT 10.0; Win64; x64) AppleWebKit/537.36 (KHTML, like Gecko) Chrome/60.0.3112.113 Safari/537.36"
::ffff:127.0.0.1 - - [30/Aug/2017:05:02:04 +0000] "POST /Mobius/lch/co2 HTTP/1.1" 201 - "-" "-"
::ffff:127.0.0.1 - - [30/Aug/2017:05:02:09 +0000] "POST /Mobius/lch/co2 HTTP/1.1" 201 - "-" "-"
::ffff:127.0.0.1 - - [30/Aug/2017:05:02:14 +0000] "POST /Mobius/lch/co2 HTTP/1.1" 201 - "-" "-"
::ffff:127.0.0.1 - - [30/Aug/2017:05:02:19 +0000] "POST /Mobius/lch/co2 HTTP/1.1" 201 - "-" "-"
::ffff:127.0.0.1 - - [30/Aug/2017:05:02:24 +0000] "POST /Mobius/lch/co2 HTTP/1.1" 201 - "-" "-"
::ffff:127.0.0.1 - - [30/Aug/2017:05:02:28 +0000] "POST /Mobius/lch/co2 HTTP/1.1" 201 - "-" "-"
::ffff:127.0.0.1 - - [30/Aug/2017:05:02:33 +0000] "POST /Mobius/lch/co2 HTTP/1.1" 201 - "-" "-"
::ffff:192.168.0.42 - - [30/Aug/2017:05:02:37 +0000] "GET /Mobius/lch/led HTTP/1.1" 200 - "-" "-"
::ffff:127.0.0.1 - - [30/Aug/2017:05:02:38 +0000] "POST /Mobius/lch/co2 HTTP/1.1" 201 - "-" "-"
::ffff:127.0.0.1 - - [30/Aug/2017:05:02:43 +0000] "POST /Mobius/lch/co2 HTTP/1.1" 201 - "-" "-"
::ffff:192.168.0.42 - - [30/Aug/2017:05:02:45 +0000] "POST /Mobius/lch/led HTTP/1.1" 409 - "-" "-"
::ffff:127.0.0.1 - - [30/Aug/2017:05:02:48 +0000] "POST /Mobius/lch/co2 HTTP/1.1" 201 - "-" "-"
::ffff:127.0.0.1 - - [30/Aug/2017:05:02:53 +0000] "POST /Mobius/lch/co2 HTTP/1.1" 201 - "-" "-"
::ffff:192.168.0.42 - - [30/Aug/2017:05:02:54 +0000] "POST /Mobius/lch/led HTTP/1.1" 409 - "-" "-"
::ffff:192.168.0.42 - - [30/Aug/2017:05:02:58 +0000] "DELETE /Mobius/lch/rtvt-npvbz79bp0_sub HTTP/1.1" 200 - "-" "-"
::ffff:192.168.0.42 - - [30/Aug/2017:05:02:58 +0000] "DELETE /Mobius/lch/led/rtvt-npvbz79bp0_sub HTTP/1.1" 200 - "-" "-"
::ffff:192.168.0.42 - - [30/Aug/2017:05:02:58 +0000] "DELETE /Mobius/lch/co2/rtvt-npvbz79bp0_sub HTTP/1.1" 200 - "-" "-"
::ffff:192.168.0.42 - - [30/Aug/2017:05:02:58 +0000] "DELETE /Mobius/rtvt-npvbz79bp0 HTTP/1.1" 200 - "-" "-"
::ffff:127.0.0.1 - - [30/Aug/2017:05:02:58 +0000] "POST /Mobius/lch/co2 HTTP/1.1" 201 - "-" "-"
::ffff:192.168.0.42 - - [30/Aug/2017:05:03:00 +0000] "POST /Mobius HTTP/1.1" 201 - "-" "-"
::ffff:192.168.0.42 - - [30/Aug/2017:05:03:00 +0000] "GET /Mobius/lch HTTP/1.1" 200 - "-" "-"
::ffff:192.168.0.42 - - [30/Aug/2017:05:03:00 +0000] "GET /Mobius HTTP/1.1" 200 - "-" "-"
::ffff:192.168.0.42 - - [30/Aug/2017:05:03:00 +0000] "GET /Mobius/lch HTTP/1.1" 200 - "-" "-"
::ffff:192.168.0.42 - - [30/Aug/2017:05:03:00 +0000] "GET /Mobius/lch?fu=1&ty=2 HTTP/1.1" 200 - "-" "-"
::ffff:192.168.0.42 - - [30/Aug/2017:05:03:00 +0000] "GET /Mobius/lch?fu=1&ty=3 HTTP/1.1" 200 - "-" "-"
::ffff:192.168.0.42 - - [30/Aug/2017:05:03:00 +0000] "GET /Mobius/lch/led?fu=1&ty=4&lim=5&lvl=1 HTTP/1.1" 200 - "-" "-"
::ffff:192.168.0.42 - - [30/Aug/2017:05:03:00 +0000] "GET /Mobius/lch/co2?fu=1&ty=4&lim=5&lvl=1 HTTP/1.1" 200 - "-" "-"
::ffff:192.168.0.42 - - [30/Aug/2017:05:03:00 +0000] "GET /Mobius/lch?fu=1&ty=29 HTTP/1.1" 200 - "-" "-"
::ffff:192.168.0.42 - - [30/Aug/2017:05:03:00 +0000] "GET /Mobius/lch?fu=1&ty=9 HTTP/1.1" 200 - "-" "-"
::ffff:192.168.0.42 - - [30/Aug/2017:05:03:00 +0000] "GET /Mobius/lch?fu=1&ty=24 HTTP/1.1" 200 - "-" "-"
::ffff:192.168.0.42 - - [30/Aug/2017:05:03:00 +0000] "GET /Mobius/lch/rtvt-npvbz79bp0_sub HTTP/1.1" 404 - "-" "-"
::ffff:192.168.0.42 - - [30/Aug/2017:05:03:00 +0000] "POST /Mobius/lch HTTP/1.1" 201 - "-" "-"
::ffff:192.168.0.42 - - [30/Aug/2017:05:03:00 +0000] "GET /Mobius/lch/led/rtvt-npvbz79bp0_sub HTTP/1.1" 404 - "-" "-"
::ffff:192.168.0.42 - - [30/Aug/2017:05:03:00 +0000] "POST /Mobius/lch/led HTTP/1.1" 201 - "-" "-"
::ffff:192.168.0.42 - - [30/Aug/2017:05:03:00 +0000] "GET /Mobius/lch/co2/rtvt-npvbz79bp0_sub HTTP/1.1" 404 - "-" "-"
::ffff:192.168.0.42 - - [30/Aug/2017:05:03:00 +0000] "POST /Mobius/lch/co2 HTTP/1.1" 201 - "-" "-"
::ffff:192.168.0.42 - - [30/Aug/2017:05:03:00 +0000] "GET /Mobius/lch?fu=1&ty=23 HTTP/1.1" 200 - "-" "-"
::ffff:127.0.0.1 - - [30/Aug/2017:05:03:03 +0000] "POST /Mobius/lch/co2 HTTP/1.1" 201 - "-" "-"
::ffff:192.168.0.42 - - [30/Aug/2017:05:03:05 +0000] "GET /Mobius/lch/led HTTP/1.1" 200 - "-" "-"
::ffff:127.0.0.1 - - [30/Aug/2017:05:03:08 +0000] "POST /Mobius/lch/co2 HTTP/1.1" 201 - "-" "-"
::ffff:192.168.0.42 - - [30/Aug/2017:05:03:09 +0000] "POST /Mobius/lch/led HTTP/1.1" 409 - "-" "-"
::ffff:127.0.0.1 - - [30/Aug/2017:05:03:13 +0000] "POST /Mobius/lch/co2 HTTP/1.1" 201 - "-" "-"
::ffff:127.0.0.1 - - [30/Aug/2017:05:03:18 +0000] "POST /Mobius/lch/co2 HTTP/1.1" 201 - "-" "-"
::ffff:127.0.0.1 - - [30/Aug/2017:05:03:23 +0000] "POST /Mobius/lch/co2 HTTP/1.1" 201 - "-" "-"
::ffff:127.0.0.1 - - [30/Aug/2017:05:03:28 +0000] "POST /Mobius/lch/co2 HTTP/1.1" 201 - "-" "-"
::ffff:127.0.0.1 - - [30/Aug/2017:05:03:33 +0000] "POST /Mobius/lch/co2 HTTP/1.1" 201 - "-" "-"
::ffff:192.168.0.42 - - [30/Aug/2017:05:03:37 +0000] "POST /Mobius/lch/led HTTP/1.1" 201 - "-" "Mozilla/5.0 (Windows NT 10.0; Win64; x64) AppleWebKit/537.36 (KHTML, like Gecko) Chrome/60.0.3112.113 Safari/537.36"
::ffff:127.0.0.1 - - [30/Aug/2017:05:03:38 +0000] "POST /Mobius/lch/co2 HTTP/1.1" 201 - "-" "-"
::ffff:127.0.0.1 - - [30/Aug/2017:05:03:43 +0000] "POST /Mobius/lch/co2 HTTP/1.1" 201 - "-" "-"
::ffff:127.0.0.1 - - [30/Aug/2017:05:03:48 +0000] "POST /Mobius/lch/co2 HTTP/1.1" 201 - "-" "-"
::ffff:127.0.0.1 - - [30/Aug/2017:05:03:53 +0000] "POST /Mobius/lch/co2 HTTP/1.1" 201 - "-" "-"
::ffff:192.168.0.42 - - [30/Aug/2017:05:03:58 +0000] "POST /Mobius/lch/led HTTP/1.1" 201 - "-" "Mozilla/5.0 (Windows NT 10.0; Win64; x64) AppleWebKit/537.36 (KHTML, like Gecko) Chrome/60.0.3112.113 Safari/537.36"
::ffff:127.0.0.1 - - [30/Aug/2017:05:03:58 +0000] "POST /Mobius/lch/co2 HTTP/1.1" 201 - "-" "-"
::ffff:127.0.0.1 - - [30/Aug/2017:05:04:03 +0000] "POST /Mobius/lch/co2 HTTP/1.1" 201 - "-" "-"
::ffff:192.168.0.42 - - [30/Aug/2017:05:04:07 +0000] "GET /Mobius/lch/co2 HTTP/1.1" 200 - "-" "-"
::ffff:127.0.0.1 - - [30/Aug/2017:05:04:08 +0000] "POST /Mobius/lch/co2 HTTP/1.1" 201 - "-" "-"
::ffff:192.168.0.42 - - [30/Aug/2017:05:04:13 +0000] "GET /Mobius/lch/co2/4-20170830050408779fo6y HTTP/1.1" 200 - "-" "-"
::ffff:127.0.0.1 - - [30/Aug/2017:05:04:13 +0000] "POST /Mobius/lch/co2 HTTP/1.1" 201 - "-" "-"
::ffff:192.168.0.42 - - [30/Aug/2017:05:04:15 +0000] "GET /Mobius/lch/led/4-201708300503581821AeX HTTP/1.1" 200 - "-" "-"
::ffff:192.168.0.42 - - [30/Aug/2017:05:04:16 +0000] "GET /Mobius/lch/led/4-20170830050337604jgWW HTTP/1.1" 200 - "-" "-"
::ffff:192.168.0.42 - - [30/Aug/2017:05:04:17 +0000] "GET /Mobius/lch/led/4-201708300503581821AeX HTTP/1.1" 200 - "-" "-"
::ffff:192.168.0.42 - - [30/Aug/2017:05:04:18 +0000] "GET /Mobius/lch/led/4-201708300501599463ZhW HTTP/1.1" 200 - "-" "-"
::ffff:127.0.0.1 - - [30/Aug/2017:05:04:18 +0000] "POST /Mobius/lch/co2 HTTP/1.1" 201 - "-" "-"
::ffff:192.168.0.42 - - [30/Aug/2017:05:04:19 +0000] "GET /Mobius/lch/led/4-20170830050337604jgWW HTTP/1.1" 200 - "-" "-"
::ffff:192.168.0.42 - - [30/Aug/2017:05:04:19 +0000] "GET /Mobius/lch/led/4-201708300503581821AeX HTTP/1.1" 200 - "-" "-"
::ffff:192.168.0.42 - - [30/Aug/2017:05:04:20 +0000] "GET /Mobius/lch/led/4-20170830050337604jgWW HTTP/1.1" 200 - "-" "-"
::ffff:127.0.0.1 - - [30/Aug/2017:05:04:23 +0000] "POST /Mobius/lch/co2 HTTP/1.1" 201 - "-" "-"
::ffff:127.0.0.1 - - [30/Aug/2017:05:04:28 +0000] "POST /Mobius/lch/co2 HTTP/1.1" 201 - "-" "-"
::ffff:127.0.0.1 - - [30/Aug/2017:05:04:33 +0000] "POST /Mobius/lch/co2 HTTP/1.1" 201 - "-" "-"
::ffff:192.168.0.42 - - [30/Aug/2017:05:04:37 +0000] "GET /Mobius/lch/led HTTP/1.1" 200 - "-" "-"
::ffff:127.0.0.1 - - [30/Aug/2017:05:04:38 +0000] "POST /Mobius/lch/co2 HTTP/1.1" 201 - "-" "-"
::ffff:192.168.0.42 - - [30/Aug/2017:05:04:41 +0000] "POST /Mobius/lch/led HTTP/1.1" 409 - "-" "-"
::ffff:127.0.0.1 - - [30/Aug/2017:05:04:43 +0000] "POST /Mobius/lch/co2 HTTP/1.1" 201 - "-" "-"
::ffff:127.0.0.1 - - [30/Aug/2017:05:04:48 +0000] "POST /Mobius/lch/co2 HTTP/1.1" 201 - "-" "-"
::ffff:127.0.0.1 - - [30/Aug/2017:05:04:53 +0000] "POST /Mobius/lch/co2 HTTP/1.1" 201 - "-" "-"
::ffff:192.168.0.42 - - [30/Aug/2017:05:04:53 +0000] "POST /Mobius/lch/led HTTP/1.1" 201 - "-" "Mozilla/5.0 (Windows NT 10.0; Win64; x64) AppleWebKit/537.36 (KHTML, like Gecko) Chrome/60.0.3112.113 Safari/537.36"
::ffff:127.0.0.1 - - [30/Aug/2017:05:04:58 +0000] "POST /Mobius/lch/co2 HTTP/1.1" 201 - "-" "-"
::ffff:127.0.0.1 - - [30/Aug/2017:05:05:03 +0000] "POST /Mobius/lch/co2 HTTP/1.1" 201 - "-" "-"
::ffff:127.0.0.1 - - [30/Aug/2017:05:05:08 +0000] "POST /Mobius/lch/co2 HTTP/1.1" 201 - "-" "-"
::ffff:127.0.0.1 - - [30/Aug/2017:05:05:13 +0000] "POST /Mobius/lch/co2 HTTP/1.1" 201 - "-" "-"
::ffff:192.168.0.42 - - [30/Aug/2017:05:05:16 +0000] "DELETE /Mobius/lch/rtvt-npvbz79bp0_sub HTTP/1.1" 200 - "-" "-"
::ffff:192.168.0.42 - - [30/Aug/2017:05:05:16 +0000] "DELETE /Mobius/lch/led/rtvt-npvbz79bp0_sub HTTP/1.1" 200 - "-" "-"
::ffff:192.168.0.42 - - [30/Aug/2017:05:05:16 +0000] "DELETE /Mobius/lch/co2/rtvt-npvbz79bp0_sub HTTP/1.1" 200 - "-" "-"
::ffff:192.168.0.42 - - [30/Aug/2017:05:05:16 +0000] "DELETE /Mobius/rtvt-npvbz79bp0 HTTP/1.1" 200 - "-" "-"
::ffff:127.0.0.1 - - [30/Aug/2017:05:05:27 +0000] "GET /Mobius HTTP/1.1" 200 - "-" "-"
::ffff:127.0.0.1 - - [30/Aug/2017:05:05:27 +0000] "GET /Mobius HTTP/1.1" 200 - "-" "-"
::ffff:127.0.0.1 - - [30/Aug/2017:05:05:27 +0000] "GET /Mobius HTTP/1.1" 200 - "-" "-"
::ffff:127.0.0.1 - - [30/Aug/2017:05:05:32 +0000] "GET /Mobius?fu=1&ty=29 HTTP/1.1" 200 - "-" "-"
::ffff:127.0.0.1 - - [30/Aug/2017:05:06:07 +0000] "POST /Mobius?rcn=0 HTTP/1.1" 201 - "-" "-"
::ffff:127.0.0.1 - - [30/Aug/2017:05:06:09 +0000] "POST /Mobius/lch2?rcn=0 HTTP/1.1" 201 - "-" "-"
::ffff:127.0.0.1 - - [30/Aug/2017:05:06:11 +0000] "POST /Mobius/lch2?rcn=0 HTTP/1.1" 201 - "-" "-"
::ffff:127.0.0.1 - - [30/Aug/2017:05:06:13 +0000] "DELETE /Mobius/lch2/led/sub HTTP/1.1" 404 - "-" "-"
::ffff:127.0.0.1 - - [30/Aug/2017:05:06:15 +0000] "POST /Mobius/lch2/led?rcn=0 HTTP/1.1" 201 - "-" "-"
::ffff:127.0.0.1 - - [30/Aug/2017:05:06:17 +0000] "POST /Mobius/lch2/co2 HTTP/1.1" 201 - "-" "-"
::ffff:192.168.0.42 - - [30/Aug/2017:05:06:18 +0000] "POST /Mobius HTTP/1.1" 201 - "-" "-"
::ffff:192.168.0.42 - - [30/Aug/2017:05:06:18 +0000] "GET /Mobius/lch2 HTTP/1.1" 200 - "-" "-"
::ffff:192.168.0.42 - - [30/Aug/2017:05:06:18 +0000] "GET /Mobius HTTP/1.1" 200 - "-" "-"
::ffff:192.168.0.42 - - [30/Aug/2017:05:06:18 +0000] "GET /Mobius/lch2 HTTP/1.1" 200 - "-" "-"
::ffff:192.168.0.42 - - [30/Aug/2017:05:06:18 +0000] "GET /Mobius/lch2?fu=1&ty=2 HTTP/1.1" 200 - "-" "-"
::ffff:192.168.0.42 - - [30/Aug/2017:05:06:18 +0000] "GET /Mobius/lch2?fu=1&ty=3 HTTP/1.1" 200 - "-" "-"
::ffff:192.168.0.42 - - [30/Aug/2017:05:06:18 +0000] "GET /Mobius/lch2/led?fu=1&ty=4&lim=5&lvl=1 HTTP/1.1" 200 - "-" "-"
::ffff:192.168.0.42 - - [30/Aug/2017:05:06:19 +0000] "GET /Mobius/lch2/co2?fu=1&ty=4&lim=5&lvl=1 HTTP/1.1" 200 - "-" "-"
::ffff:192.168.0.42 - - [30/Aug/2017:05:06:19 +0000] "GET /Mobius/lch2?fu=1&ty=29 HTTP/1.1" 200 - "-" "-"
::ffff:192.168.0.42 - - [30/Aug/2017:05:06:19 +0000] "GET /Mobius/lch2?fu=1&ty=9 HTTP/1.1" 200 - "-" "-"
::ffff:192.168.0.42 - - [30/Aug/2017:05:06:19 +0000] "GET /Mobius/lch2?fu=1&ty=24 HTTP/1.1" 200 - "-" "-"
::ffff:192.168.0.42 - - [30/Aug/2017:05:06:19 +0000] "GET /Mobius/lch2/rtvt-npvbz79bp0_sub HTTP/1.1" 404 - "-" "-"
::ffff:192.168.0.42 - - [30/Aug/2017:05:06:19 +0000] "POST /Mobius/lch2 HTTP/1.1" 201 - "-" "-"
::ffff:192.168.0.42 - - [30/Aug/2017:05:06:19 +0000] "GET /Mobius/lch2/led/rtvt-npvbz79bp0_sub HTTP/1.1" 404 - "-" "-"
::ffff:192.168.0.42 - - [30/Aug/2017:05:06:19 +0000] "POST /Mobius/lch2/led HTTP/1.1" 201 - "-" "-"
::ffff:192.168.0.42 - - [30/Aug/2017:05:06:19 +0000] "GET /Mobius/lch2/co2/rtvt-npvbz79bp0_sub HTTP/1.1" 404 - "-" "-"
::ffff:192.168.0.42 - - [30/Aug/2017:05:06:19 +0000] "POST /Mobius/lch2/co2 HTTP/1.1" 201 - "-" "-"
::ffff:192.168.0.42 - - [30/Aug/2017:05:06:19 +0000] "GET /Mobius/lch2?fu=1&ty=23 HTTP/1.1" 200 - "-" "-"
::ffff:127.0.0.1 - - [30/Aug/2017:05:06:22 +0000] "POST /Mobius/lch2/co2 HTTP/1.1" 201 - "-" "-"
::ffff:127.0.0.1 - - [30/Aug/2017:05:06:27 +0000] "POST /Mobius/lch2/co2 HTTP/1.1" 201 - "-" "-"
::ffff:192.168.0.42 - - [30/Aug/2017:05:06:31 +0000] "POST /Mobius/lch2/led HTTP/1.1" 201 - "-" "-"
::ffff:127.0.0.1 - - [30/Aug/2017:05:06:32 +0000] "POST /Mobius/lch2/co2 HTTP/1.1" 201 - "-" "-"
::ffff:127.0.0.1 - - [30/Aug/2017:05:06:37 +0000] "POST /Mobius/lch2/co2 HTTP/1.1" 201 - "-" "-"
::ffff:192.168.0.42 - - [30/Aug/2017:05:06:40 +0000] "POST /Mobius/lch2/led HTTP/1.1" 201 - "-" "-"
::ffff:127.0.0.1 - - [30/Aug/2017:05:06:42 +0000] "POST /Mobius/lch2/co2 HTTP/1.1" 201 - "-" "-"
::ffff:192.168.0.42 - - [30/Aug/2017:05:06:46 +0000] "POST /Mobius/lch2/led HTTP/1.1" 201 - "-" "-"
::ffff:127.0.0.1 - - [30/Aug/2017:05:06:47 +0000] "POST /Mobius/lch2/co2 HTTP/1.1" 201 - "-" "-"
::ffff:192.168.0.42 - - [30/Aug/2017:05:06:50 +0000] "GET /Mobius/lch2/led/1 HTTP/1.1" 200 - "-" "-"
::ffff:192.168.0.42 - - [30/Aug/2017:05:06:51 +0000] "GET /Mobius/lch2/led/2 HTTP/1.1" 200 - "-" "-"
::ffff:192.168.0.42 - - [30/Aug/2017:05:06:51 +0000] "GET /Mobius/lch2/led/3 HTTP/1.1" 200 - "-" "-"
::ffff:127.0.0.1 - - [30/Aug/2017:05:06:52 +0000] "POST /Mobius/lch2/co2 HTTP/1.1" 201 - "-" "-"
::ffff:192.168.0.42 - - [30/Aug/2017:05:06:55 +0000] "POST /Mobius/lch2/led HTTP/1.1" 409 - "-" "-"
::ffff:127.0.0.1 - - [30/Aug/2017:05:06:57 +0000] "POST /Mobius/lch2/co2 HTTP/1.1" 201 - "-" "-"
::ffff:192.168.0.42 - - [30/Aug/2017:05:07:01 +0000] "GET /Mobius/lch2/led/1 HTTP/1.1" 200 - "-" "-"
::ffff:127.0.0.1 - - [30/Aug/2017:05:07:02 +0000] "POST /Mobius/lch2/co2 HTTP/1.1" 201 - "-" "-"
::ffff:192.168.0.42 - - [30/Aug/2017:05:07:06 +0000] "GET /Mobius/lch2/led HTTP/1.1" 200 - "-" "-"
::ffff:127.0.0.1 - - [30/Aug/2017:05:07:07 +0000] "POST /Mobius/lch2/co2 HTTP/1.1" 201 - "-" "-"
::ffff:192.168.0.42 - - [30/Aug/2017:05:07:09 +0000] "GET /Mobius/lch2/led/1 HTTP/1.1" 200 - "-" "-"
::ffff:192.168.0.42 - - [30/Aug/2017:05:07:09 +0000] "GET /Mobius/lch2/led/1 HTTP/1.1" 200 - "-" "-"
::ffff:192.168.0.42 - - [30/Aug/2017:05:07:09 +0000] "GET /Mobius/lch2/led/1 HTTP/1.1" 200 - "-" "-"
::ffff:192.168.0.42 - - [30/Aug/2017:05:07:10 +0000] "GET /Mobius/lch2/led/1 HTTP/1.1" 200 - "-" "-"
::ffff:192.168.0.42 - - [30/Aug/2017:05:07:10 +0000] "GET /Mobius/lch2/led/1 HTTP/1.1" 200 - "-" "-"
::ffff:192.168.0.42 - - [30/Aug/2017:05:07:10 +0000] "GET /Mobius/lch2/led/1 HTTP/1.1" 200 - "-" "-"
::ffff:192.168.0.42 - - [30/Aug/2017:05:07:10 +0000] "GET /Mobius/lch2/led/2 HTTP/1.1" 200 - "-" "-"
::ffff:192.168.0.42 - - [30/Aug/2017:05:07:10 +0000] "GET /Mobius/lch2/led/2 HTTP/1.1" 200 - "-" "-"
::ffff:192.168.0.42 - - [30/Aug/2017:05:07:10 +0000] "GET /Mobius/lch2/led/2 HTTP/1.1" 200 - "-" "-"
::ffff:192.168.0.42 - - [30/Aug/2017:05:07:11 +0000] "GET /Mobius/lch2/led/3 HTTP/1.1" 200 - "-" "-"
::ffff:192.168.0.42 - - [30/Aug/2017:05:07:11 +0000] "GET /Mobius/lch2/led/3 HTTP/1.1" 200 - "-" "-"
::ffff:192.168.0.42 - - [30/Aug/2017:05:07:12 +0000] "GET /Mobius/lch2/led/1 HTTP/1.1" 200 - "-" "-"
::ffff:192.168.0.42 - - [30/Aug/2017:05:07:12 +0000] "GET /Mobius/lch2/led/1 HTTP/1.1" 200 - "-" "-"
::ffff:127.0.0.1 - - [30/Aug/2017:05:07:12 +0000] "POST /Mobius/lch2/co2 HTTP/1.1" 201 - "-" "-"
::ffff:127.0.0.1 - - [30/Aug/2017:05:07:17 +0000] "POST /Mobius/lch2/co2 HTTP/1.1" 201 - "-" "-"
::ffff:127.0.0.1 - - [30/Aug/2017:05:07:22 +0000] "POST /Mobius/lch2/co2 HTTP/1.1" 201 - "-" "-"
::ffff:127.0.0.1 - - [30/Aug/2017:05:07:27 +0000] "POST /Mobius/lch2/co2 HTTP/1.1" 201 - "-" "-"
::ffff:127.0.0.1 - - [30/Aug/2017:05:07:32 +0000] "POST /Mobius/lch2/co2 HTTP/1.1" 201 - "-" "-"
::ffff:192.168.0.42 - - [30/Aug/2017:05:07:33 +0000] "POST /Mobius/lch2/led HTTP/1.1" 201 - "-" "Mozilla/5.0 (Windows NT 10.0; Win64; x64) AppleWebKit/537.36 (KHTML, like Gecko) Chrome/60.0.3112.113 Safari/537.36"
::ffff:127.0.0.1 - - [30/Aug/2017:05:07:37 +0000] "POST /Mobius/lch2/co2 HTTP/1.1" 201 - "-" "-"
::ffff:192.168.0.42 - - [30/Aug/2017:05:07:39 +0000] "POST /Mobius/lch2/led HTTP/1.1" 201 - "-" "Mozilla/5.0 (Windows NT 10.0; Win64; x64) AppleWebKit/537.36 (KHTML, like Gecko) Chrome/60.0.3112.113 Safari/537.36"
::ffff:127.0.0.1 - - [30/Aug/2017:05:07:42 +0000] "POST /Mobius/lch2/co2 HTTP/1.1" 201 - "-" "-"
::ffff:192.168.0.42 - - [30/Aug/2017:05:07:43 +0000] "POST /Mobius/lch2/led HTTP/1.1" 201 - "-" "Mozilla/5.0 (Windows NT 10.0; Win64; x64) AppleWebKit/537.36 (KHTML, like Gecko) Chrome/60.0.3112.113 Safari/537.36"
::ffff:127.0.0.1 - - [30/Aug/2017:05:07:47 +0000] "POST /Mobius/lch2/co2 HTTP/1.1" 201 - "-" "-"
::ffff:127.0.0.1 - - [30/Aug/2017:05:07:52 +0000] "POST /Mobius/lch2/co2 HTTP/1.1" 201 - "-" "-"
::ffff:127.0.0.1 - - [30/Aug/2017:05:07:57 +0000] "POST /Mobius/lch2/co2 HTTP/1.1" 201 - "-" "-"
::ffff:127.0.0.1 - - [30/Aug/2017:05:08:02 +0000] "POST /Mobius/lch2/co2 HTTP/1.1" 201 - "-" "-"
::ffff:127.0.0.1 - - [30/Aug/2017:05:08:07 +0000] "POST /Mobius/lch2/co2 HTTP/1.1" 201 - "-" "-"
::ffff:127.0.0.1 - - [30/Aug/2017:05:08:12 +0000] "POST /Mobius/lch2/co2 HTTP/1.1" 201 - "-" "-"
::ffff:127.0.0.1 - - [30/Aug/2017:05:08:17 +0000] "POST /Mobius/lch2/co2 HTTP/1.1" 201 - "-" "-"
::ffff:127.0.0.1 - - [30/Aug/2017:05:08:22 +0000] "POST /Mobius/lch2/co2 HTTP/1.1" 201 - "-" "-"
::ffff:127.0.0.1 - - [30/Aug/2017:05:08:27 +0000] "POST /Mobius/lch2/co2 HTTP/1.1" 201 - "-" "-"
::ffff:127.0.0.1 - - [30/Aug/2017:05:08:32 +0000] "POST /Mobius/lch2/co2 HTTP/1.1" 201 - "-" "-"
::ffff:127.0.0.1 - - [30/Aug/2017:05:08:37 +0000] "POST /Mobius/lch2/co2 HTTP/1.1" 201 - "-" "-"
::ffff:127.0.0.1 - - [30/Aug/2017:05:08:42 +0000] "POST /Mobius/lch2/co2 HTTP/1.1" 201 - "-" "-"
::ffff:127.0.0.1 - - [30/Aug/2017:05:08:47 +0000] "POST /Mobius/lch2/co2 HTTP/1.1" 201 - "-" "-"
::ffff:127.0.0.1 - - [30/Aug/2017:05:08:52 +0000] "POST /Mobius/lch2/co2 HTTP/1.1" 201 - "-" "-"
::ffff:127.0.0.1 - - [30/Aug/2017:05:08:57 +0000] "POST /Mobius/lch2/co2 HTTP/1.1" 201 - "-" "-"
::ffff:127.0.0.1 - - [30/Aug/2017:05:09:02 +0000] "POST /Mobius/lch2/co2 HTTP/1.1" 201 - "-" "-"
::ffff:127.0.0.1 - - [30/Aug/2017:05:09:07 +0000] "POST /Mobius/lch2/co2 HTTP/1.1" 201 - "-" "-"
::ffff:127.0.0.1 - - [30/Aug/2017:05:09:12 +0000] "POST /Mobius/lch2/co2 HTTP/1.1" 201 - "-" "-"
::ffff:127.0.0.1 - - [30/Aug/2017:05:09:17 +0000] "POST /Mobius/lch2/co2 HTTP/1.1" 201 - "-" "-"
::ffff:127.0.0.1 - - [30/Aug/2017:05:09:22 +0000] "POST /Mobius/lch2/co2 HTTP/1.1" 201 - "-" "-"
::ffff:127.0.0.1 - - [30/Aug/2017:05:09:27 +0000] "POST /Mobius/lch2/co2 HTTP/1.1" 201 - "-" "-"
::ffff:127.0.0.1 - - [30/Aug/2017:05:09:32 +0000] "POST /Mobius/lch2/co2 HTTP/1.1" 201 - "-" "-"
::ffff:127.0.0.1 - - [30/Aug/2017:05:09:37 +0000] "POST /Mobius/lch2/co2 HTTP/1.1" 201 - "-" "-"
::ffff:127.0.0.1 - - [30/Aug/2017:05:09:42 +0000] "POST /Mobius/lch2/co2 HTTP/1.1" 201 - "-" "-"
::ffff:127.0.0.1 - - [30/Aug/2017:05:09:47 +0000] "POST /Mobius/lch2/co2 HTTP/1.1" 201 - "-" "-"
::ffff:127.0.0.1 - - [30/Aug/2017:05:09:52 +0000] "POST /Mobius/lch2/co2 HTTP/1.1" 201 - "-" "-"
::ffff:127.0.0.1 - - [30/Aug/2017:05:09:57 +0000] "POST /Mobius/lch2/co2 HTTP/1.1" 201 - "-" "-"
::ffff:127.0.0.1 - - [30/Aug/2017:05:10:02 +0000] "POST /Mobius/lch2/co2 HTTP/1.1" 201 - "-" "-"
::ffff:127.0.0.1 - - [30/Aug/2017:05:10:07 +0000] "POST /Mobius/lch2/co2 HTTP/1.1" 201 - "-" "-"
::ffff:127.0.0.1 - - [30/Aug/2017:05:10:12 +0000] "POST /Mobius/lch2/co2 HTTP/1.1" 201 - "-" "-"
::ffff:127.0.0.1 - - [30/Aug/2017:05:10:17 +0000] "POST /Mobius/lch2/co2 HTTP/1.1" 201 - "-" "-"
::ffff:127.0.0.1 - - [30/Aug/2017:05:10:22 +0000] "POST /Mobius/lch2/co2 HTTP/1.1" 201 - "-" "-"
::ffff:127.0.0.1 - - [30/Aug/2017:05:10:27 +0000] "POST /Mobius/lch2/co2 HTTP/1.1" 201 - "-" "-"
::ffff:127.0.0.1 - - [30/Aug/2017:05:10:32 +0000] "POST /Mobius/lch2/co2 HTTP/1.1" 201 - "-" "-"
::ffff:127.0.0.1 - - [30/Aug/2017:05:10:37 +0000] "POST /Mobius/lch2/co2 HTTP/1.1" 201 - "-" "-"
::ffff:127.0.0.1 - - [30/Aug/2017:05:10:42 +0000] "POST /Mobius/lch2/co2 HTTP/1.1" 201 - "-" "-"
::ffff:127.0.0.1 - - [30/Aug/2017:05:10:47 +0000] "POST /Mobius/lch2/co2 HTTP/1.1" 201 - "-" "-"
::ffff:127.0.0.1 - - [30/Aug/2017:05:10:52 +0000] "POST /Mobius/lch2/co2 HTTP/1.1" 201 - "-" "-"
::ffff:127.0.0.1 - - [30/Aug/2017:05:10:57 +0000] "POST /Mobius/lch2/co2 HTTP/1.1" 201 - "-" "-"
::ffff:127.0.0.1 - - [30/Aug/2017:05:11:02 +0000] "POST /Mobius/lch2/co2 HTTP/1.1" 201 - "-" "-"
::ffff:127.0.0.1 - - [30/Aug/2017:05:11:07 +0000] "POST /Mobius/lch2/co2 HTTP/1.1" 201 - "-" "-"
::ffff:127.0.0.1 - - [30/Aug/2017:05:11:12 +0000] "POST /Mobius/lch2/co2 HTTP/1.1" 201 - "-" "-"
::ffff:127.0.0.1 - - [30/Aug/2017:05:11:17 +0000] "POST /Mobius/lch2/co2 HTTP/1.1" 201 - "-" "-"
::ffff:127.0.0.1 - - [30/Aug/2017:05:11:22 +0000] "POST /Mobius/lch2/co2 HTTP/1.1" 201 - "-" "-"
::ffff:127.0.0.1 - - [30/Aug/2017:05:11:27 +0000] "POST /Mobius/lch2/co2 HTTP/1.1" 201 - "-" "-"
::ffff:127.0.0.1 - - [30/Aug/2017:05:11:32 +0000] "POST /Mobius/lch2/co2 HTTP/1.1" 201 - "-" "-"
::ffff:127.0.0.1 - - [30/Aug/2017:05:11:37 +0000] "POST /Mobius/lch2/co2 HTTP/1.1" 201 - "-" "-"
::ffff:127.0.0.1 - - [30/Aug/2017:05:11:42 +0000] "POST /Mobius/lch2/co2 HTTP/1.1" 201 - "-" "-"
::ffff:127.0.0.1 - - [30/Aug/2017:05:11:47 +0000] "POST /Mobius/lch2/co2 HTTP/1.1" 201 - "-" "-"
::ffff:127.0.0.1 - - [30/Aug/2017:05:11:52 +0000] "POST /Mobius/lch2/co2 HTTP/1.1" 201 - "-" "-"
::ffff:127.0.0.1 - - [30/Aug/2017:05:11:57 +0000] "POST /Mobius/lch2/co2 HTTP/1.1" 201 - "-" "-"
::ffff:127.0.0.1 - - [30/Aug/2017:05:12:02 +0000] "POST /Mobius/lch2/co2 HTTP/1.1" 201 - "-" "-"
::ffff:127.0.0.1 - - [30/Aug/2017:05:12:07 +0000] "POST /Mobius/lch2/co2 HTTP/1.1" 201 - "-" "-"
::ffff:127.0.0.1 - - [30/Aug/2017:05:12:12 +0000] "POST /Mobius/lch2/co2 HTTP/1.1" 201 - "-" "-"
::ffff:127.0.0.1 - - [30/Aug/2017:05:12:17 +0000] "POST /Mobius/lch2/co2 HTTP/1.1" 201 - "-" "-"
::ffff:127.0.0.1 - - [30/Aug/2017:05:12:22 +0000] "POST /Mobius/lch2/co2 HTTP/1.1" 201 - "-" "-"
::ffff:127.0.0.1 - - [30/Aug/2017:05:12:27 +0000] "POST /Mobius/lch2/co2 HTTP/1.1" 201 - "-" "-"
::ffff:127.0.0.1 - - [30/Aug/2017:05:12:32 +0000] "POST /Mobius/lch2/co2 HTTP/1.1" 201 - "-" "-"
::ffff:127.0.0.1 - - [30/Aug/2017:05:12:37 +0000] "POST /Mobius/lch2/co2 HTTP/1.1" 201 - "-" "-"
::ffff:127.0.0.1 - - [30/Aug/2017:05:12:42 +0000] "POST /Mobius/lch2/co2 HTTP/1.1" 201 - "-" "-"
::ffff:127.0.0.1 - - [30/Aug/2017:05:12:47 +0000] "POST /Mobius/lch2/co2 HTTP/1.1" 201 - "-" "-"
::ffff:127.0.0.1 - - [30/Aug/2017:05:12:52 +0000] "POST /Mobius/lch2/co2 HTTP/1.1" 201 - "-" "-"
::ffff:127.0.0.1 - - [30/Aug/2017:05:12:57 +0000] "POST /Mobius/lch2/co2 HTTP/1.1" 201 - "-" "-"
::ffff:127.0.0.1 - - [30/Aug/2017:05:13:02 +0000] "POST /Mobius/lch2/co2 HTTP/1.1" 201 - "-" "-"
::ffff:127.0.0.1 - - [30/Aug/2017:05:13:07 +0000] "POST /Mobius/lch2/co2 HTTP/1.1" 201 - "-" "-"
::ffff:127.0.0.1 - - [30/Aug/2017:05:13:12 +0000] "POST /Mobius/lch2/co2 HTTP/1.1" 201 - "-" "-"
::ffff:127.0.0.1 - - [30/Aug/2017:05:13:17 +0000] "POST /Mobius/lch2/co2 HTTP/1.1" 201 - "-" "-"
::ffff:127.0.0.1 - - [30/Aug/2017:05:13:22 +0000] "POST /Mobius/lch2/co2 HTTP/1.1" 201 - "-" "-"
::ffff:127.0.0.1 - - [30/Aug/2017:05:13:27 +0000] "POST /Mobius/lch2/co2 HTTP/1.1" 201 - "-" "-"
::ffff:127.0.0.1 - - [30/Aug/2017:05:13:32 +0000] "POST /Mobius/lch2/co2 HTTP/1.1" 201 - "-" "-"
::ffff:127.0.0.1 - - [30/Aug/2017:05:13:37 +0000] "POST /Mobius/lch2/co2 HTTP/1.1" 201 - "-" "-"
::ffff:127.0.0.1 - - [30/Aug/2017:05:13:42 +0000] "POST /Mobius/lch2/co2 HTTP/1.1" 201 - "-" "-"
::ffff:127.0.0.1 - - [30/Aug/2017:05:13:47 +0000] "POST /Mobius/lch2/co2 HTTP/1.1" 201 - "-" "-"
::ffff:127.0.0.1 - - [30/Aug/2017:05:13:52 +0000] "POST /Mobius/lch2/co2 HTTP/1.1" 201 - "-" "-"
::ffff:127.0.0.1 - - [30/Aug/2017:05:13:57 +0000] "POST /Mobius/lch2/co2 HTTP/1.1" 201 - "-" "-"
::ffff:127.0.0.1 - - [30/Aug/2017:05:14:02 +0000] "POST /Mobius/lch2/co2 HTTP/1.1" 201 - "-" "-"
::ffff:127.0.0.1 - - [30/Aug/2017:05:14:07 +0000] "POST /Mobius/lch2/co2 HTTP/1.1" 201 - "-" "-"
::ffff:127.0.0.1 - - [30/Aug/2017:05:14:12 +0000] "POST /Mobius/lch2/co2 HTTP/1.1" 201 - "-" "-"
::ffff:127.0.0.1 - - [30/Aug/2017:05:14:17 +0000] "POST /Mobius/lch2/co2 HTTP/1.1" 201 - "-" "-"
::ffff:127.0.0.1 - - [30/Aug/2017:05:14:22 +0000] "POST /Mobius/lch2/co2 HTTP/1.1" 201 - "-" "-"
::ffff:127.0.0.1 - - [30/Aug/2017:05:14:27 +0000] "POST /Mobius/lch2/co2 HTTP/1.1" 201 - "-" "-"
::ffff:127.0.0.1 - - [30/Aug/2017:05:14:32 +0000] "POST /Mobius/lch2/co2 HTTP/1.1" 201 - "-" "-"
::ffff:127.0.0.1 - - [30/Aug/2017:05:14:37 +0000] "POST /Mobius/lch2/co2 HTTP/1.1" 201 - "-" "-"
::ffff:127.0.0.1 - - [30/Aug/2017:05:14:42 +0000] "POST /Mobius/lch2/co2 HTTP/1.1" 201 - "-" "-"
::ffff:127.0.0.1 - - [30/Aug/2017:05:14:47 +0000] "POST /Mobius/lch2/co2 HTTP/1.1" 201 - "-" "-"
::ffff:127.0.0.1 - - [30/Aug/2017:05:14:52 +0000] "POST /Mobius/lch2/co2 HTTP/1.1" 201 - "-" "-"
::ffff:127.0.0.1 - - [30/Aug/2017:05:14:57 +0000] "POST /Mobius/lch2/co2 HTTP/1.1" 201 - "-" "-"
::ffff:127.0.0.1 - - [30/Aug/2017:05:15:02 +0000] "POST /Mobius/lch2/co2 HTTP/1.1" 201 - "-" "-"
::ffff:127.0.0.1 - - [30/Aug/2017:05:15:07 +0000] "POST /Mobius/lch2/co2 HTTP/1.1" 201 - "-" "-"
::ffff:127.0.0.1 - - [30/Aug/2017:05:15:12 +0000] "POST /Mobius/lch2/co2 HTTP/1.1" 201 - "-" "-"
::ffff:127.0.0.1 - - [30/Aug/2017:05:15:17 +0000] "POST /Mobius/lch2/co2 HTTP/1.1" 201 - "-" "-"
::ffff:127.0.0.1 - - [30/Aug/2017:05:15:22 +0000] "POST /Mobius/lch2/co2 HTTP/1.1" 201 - "-" "-"
::ffff:127.0.0.1 - - [30/Aug/2017:05:15:27 +0000] "POST /Mobius/lch2/co2 HTTP/1.1" 201 - "-" "-"
::ffff:127.0.0.1 - - [30/Aug/2017:05:15:32 +0000] "POST /Mobius/lch2/co2 HTTP/1.1" 201 - "-" "-"
::ffff:127.0.0.1 - - [30/Aug/2017:05:15:37 +0000] "POST /Mobius/lch2/co2 HTTP/1.1" 201 - "-" "-"
::ffff:127.0.0.1 - - [30/Aug/2017:05:15:42 +0000] "POST /Mobius/lch2/co2 HTTP/1.1" 201 - "-" "-"
::ffff:127.0.0.1 - - [30/Aug/2017:05:15:47 +0000] "POST /Mobius/lch2/co2 HTTP/1.1" 201 - "-" "-"
::ffff:127.0.0.1 - - [30/Aug/2017:05:15:52 +0000] "POST /Mobius/lch2/co2 HTTP/1.1" 201 - "-" "-"
::ffff:127.0.0.1 - - [30/Aug/2017:05:15:57 +0000] "POST /Mobius/lch2/co2 HTTP/1.1" 201 - "-" "-"
::ffff:127.0.0.1 - - [30/Aug/2017:05:16:02 +0000] "POST /Mobius/lch2/co2 HTTP/1.1" 201 - "-" "-"
::ffff:127.0.0.1 - - [30/Aug/2017:05:16:07 +0000] "POST /Mobius/lch2/co2 HTTP/1.1" 201 - "-" "-"
::ffff:127.0.0.1 - - [30/Aug/2017:05:16:12 +0000] "POST /Mobius/lch2/co2 HTTP/1.1" 201 - "-" "-"
::ffff:127.0.0.1 - - [30/Aug/2017:05:16:17 +0000] "POST /Mobius/lch2/co2 HTTP/1.1" 201 - "-" "-"
::ffff:127.0.0.1 - - [30/Aug/2017:05:16:22 +0000] "POST /Mobius/lch2/co2 HTTP/1.1" 201 - "-" "-"
::ffff:127.0.0.1 - - [30/Aug/2017:05:16:27 +0000] "POST /Mobius/lch2/co2 HTTP/1.1" 201 - "-" "-"
::ffff:127.0.0.1 - - [30/Aug/2017:05:16:32 +0000] "POST /Mobius/lch2/co2 HTTP/1.1" 201 - "-" "-"
::ffff:127.0.0.1 - - [30/Aug/2017:05:16:37 +0000] "POST /Mobius/lch2/co2 HTTP/1.1" 201 - "-" "-"
::ffff:127.0.0.1 - - [30/Aug/2017:05:16:42 +0000] "POST /Mobius/lch2/co2 HTTP/1.1" 201 - "-" "-"
::ffff:127.0.0.1 - - [30/Aug/2017:05:16:47 +0000] "POST /Mobius/lch2/co2 HTTP/1.1" 201 - "-" "-"
::ffff:127.0.0.1 - - [30/Aug/2017:05:16:52 +0000] "POST /Mobius/lch2/co2 HTTP/1.1" 201 - "-" "-"
::ffff:127.0.0.1 - - [30/Aug/2017:05:16:57 +0000] "POST /Mobius/lch2/co2 HTTP/1.1" 201 - "-" "-"
::ffff:127.0.0.1 - - [30/Aug/2017:05:17:02 +0000] "POST /Mobius/lch2/co2 HTTP/1.1" 201 - "-" "-"
::ffff:127.0.0.1 - - [30/Aug/2017:05:17:07 +0000] "POST /Mobius/lch2/co2 HTTP/1.1" 201 - "-" "-"
::ffff:127.0.0.1 - - [30/Aug/2017:05:17:12 +0000] "POST /Mobius/lch2/co2 HTTP/1.1" 201 - "-" "-"
::ffff:192.168.0.42 - - [30/Aug/2017:05:17:15 +0000] "POST /Mobius/lch2/led HTTP/1.1" 201 - "-" "Mozilla/5.0 (Windows NT 10.0; Win64; x64) AppleWebKit/537.36 (KHTML, like Gecko) Chrome/60.0.3112.113 Safari/537.36"
::ffff:127.0.0.1 - - [30/Aug/2017:05:17:17 +0000] "POST /Mobius/lch2/co2 HTTP/1.1" 201 - "-" "-"
::ffff:127.0.0.1 - - [30/Aug/2017:05:17:22 +0000] "POST /Mobius/lch2/co2 HTTP/1.1" 201 - "-" "-"
::ffff:127.0.0.1 - - [30/Aug/2017:05:17:28 +0000] "POST /Mobius/lch2/co2 HTTP/1.1" 201 - "-" "-"
::ffff:127.0.0.1 - - [30/Aug/2017:05:17:32 +0000] "POST /Mobius/lch2/co2 HTTP/1.1" 201 - "-" "-"
::ffff:127.0.0.1 - - [30/Aug/2017:05:17:37 +0000] "POST /Mobius/lch2/co2 HTTP/1.1" 201 - "-" "-"
::ffff:127.0.0.1 - - [30/Aug/2017:05:17:42 +0000] "POST /Mobius/lch2/co2 HTTP/1.1" 201 - "-" "-"
::ffff:127.0.0.1 - - [30/Aug/2017:05:17:47 +0000] "POST /Mobius/lch2/co2 HTTP/1.1" 201 - "-" "-"
::ffff:127.0.0.1 - - [30/Aug/2017:05:17:52 +0000] "POST /Mobius/lch2/co2 HTTP/1.1" 201 - "-" "-"
::ffff:127.0.0.1 - - [30/Aug/2017:05:17:57 +0000] "POST /Mobius/lch2/co2 HTTP/1.1" 201 - "-" "-"
::ffff:127.0.0.1 - - [30/Aug/2017:05:18:02 +0000] "POST /Mobius/lch2/co2 HTTP/1.1" 201 - "-" "-"
::ffff:127.0.0.1 - - [30/Aug/2017:05:18:07 +0000] "POST /Mobius/lch2/co2 HTTP/1.1" 201 - "-" "-"
::ffff:127.0.0.1 - - [30/Aug/2017:05:18:12 +0000] "POST /Mobius/lch2/co2 HTTP/1.1" 201 - "-" "-"
::ffff:127.0.0.1 - - [30/Aug/2017:05:18:17 +0000] "POST /Mobius/lch2/co2 HTTP/1.1" 201 - "-" "-"
::ffff:127.0.0.1 - - [30/Aug/2017:05:18:22 +0000] "POST /Mobius/lch2/co2 HTTP/1.1" 201 - "-" "-"
::ffff:127.0.0.1 - - [30/Aug/2017:05:18:27 +0000] "POST /Mobius/lch2/co2 HTTP/1.1" 201 - "-" "-"
::ffff:127.0.0.1 - - [30/Aug/2017:05:18:32 +0000] "POST /Mobius/lch2/co2 HTTP/1.1" 201 - "-" "-"
::ffff:127.0.0.1 - - [30/Aug/2017:05:18:37 +0000] "POST /Mobius/lch2/co2 HTTP/1.1" 201 - "-" "-"
::ffff:127.0.0.1 - - [30/Aug/2017:05:18:42 +0000] "POST /Mobius/lch2/co2 HTTP/1.1" 201 - "-" "-"
::ffff:127.0.0.1 - - [30/Aug/2017:05:18:47 +0000] "POST /Mobius/lch2/co2 HTTP/1.1" 201 - "-" "-"
::ffff:127.0.0.1 - - [30/Aug/2017:05:18:52 +0000] "POST /Mobius/lch2/co2 HTTP/1.1" 201 - "-" "-"
::ffff:127.0.0.1 - - [30/Aug/2017:05:18:57 +0000] "POST /Mobius/lch2/co2 HTTP/1.1" 201 - "-" "-"
::ffff:127.0.0.1 - - [30/Aug/2017:05:19:02 +0000] "POST /Mobius/lch2/co2 HTTP/1.1" 201 - "-" "-"
::ffff:127.0.0.1 - - [30/Aug/2017:05:19:07 +0000] "POST /Mobius/lch2/co2 HTTP/1.1" 201 - "-" "-"
::ffff:127.0.0.1 - - [30/Aug/2017:05:19:12 +0000] "POST /Mobius/lch2/co2 HTTP/1.1" 201 - "-" "-"
::ffff:127.0.0.1 - - [30/Aug/2017:05:19:17 +0000] "POST /Mobius/lch2/co2 HTTP/1.1" 201 - "-" "-"
::ffff:127.0.0.1 - - [30/Aug/2017:05:19:22 +0000] "POST /Mobius/lch2/co2 HTTP/1.1" 201 - "-" "-"
::ffff:127.0.0.1 - - [30/Aug/2017:05:19:27 +0000] "POST /Mobius/lch2/co2 HTTP/1.1" 201 - "-" "-"
::ffff:127.0.0.1 - - [30/Aug/2017:05:19:32 +0000] "POST /Mobius/lch2/co2 HTTP/1.1" 201 - "-" "-"
::ffff:127.0.0.1 - - [30/Aug/2017:05:19:37 +0000] "POST /Mobius/lch2/co2 HTTP/1.1" 201 - "-" "-"
::ffff:127.0.0.1 - - [30/Aug/2017:05:19:42 +0000] "POST /Mobius/lch2/co2 HTTP/1.1" 201 - "-" "-"
::ffff:127.0.0.1 - - [30/Aug/2017:05:19:47 +0000] "POST /Mobius/lch2/co2 HTTP/1.1" 201 - "-" "-"
::ffff:127.0.0.1 - - [30/Aug/2017:05:19:52 +0000] "POST /Mobius/lch2/co2 HTTP/1.1" 201 - "-" "-"
::ffff:127.0.0.1 - - [30/Aug/2017:05:19:57 +0000] "POST /Mobius/lch2/co2 HTTP/1.1" 201 - "-" "-"
::ffff:127.0.0.1 - - [30/Aug/2017:05:20:02 +0000] "POST /Mobius/lch2/co2 HTTP/1.1" 201 - "-" "-"
::ffff:127.0.0.1 - - [30/Aug/2017:05:20:07 +0000] "POST /Mobius/lch2/co2 HTTP/1.1" 201 - "-" "-"
::ffff:127.0.0.1 - - [30/Aug/2017:05:20:12 +0000] "POST /Mobius/lch2/co2 HTTP/1.1" 201 - "-" "-"
::ffff:127.0.0.1 - - [30/Aug/2017:05:20:17 +0000] "POST /Mobius/lch2/co2 HTTP/1.1" 201 - "-" "-"
::ffff:127.0.0.1 - - [30/Aug/2017:05:20:22 +0000] "POST /Mobius/lch2/co2 HTTP/1.1" 201 - "-" "-"
::ffff:127.0.0.1 - - [30/Aug/2017:05:20:27 +0000] "POST /Mobius/lch2/co2 HTTP/1.1" 201 - "-" "-"
::ffff:127.0.0.1 - - [30/Aug/2017:05:20:32 +0000] "POST /Mobius/lch2/co2 HTTP/1.1" 201 - "-" "-"
::ffff:127.0.0.1 - - [30/Aug/2017:05:20:37 +0000] "POST /Mobius/lch2/co2 HTTP/1.1" 201 - "-" "-"
::ffff:127.0.0.1 - - [30/Aug/2017:05:20:42 +0000] "POST /Mobius/lch2/co2 HTTP/1.1" 201 - "-" "-"
::ffff:127.0.0.1 - - [30/Aug/2017:05:20:47 +0000] "POST /Mobius/lch2/co2 HTTP/1.1" 201 - "-" "-"
::ffff:127.0.0.1 - - [30/Aug/2017:05:20:52 +0000] "POST /Mobius/lch2/co2 HTTP/1.1" 201 - "-" "-"
::ffff:127.0.0.1 - - [30/Aug/2017:05:20:57 +0000] "POST /Mobius/lch2/co2 HTTP/1.1" 201 - "-" "-"
::ffff:127.0.0.1 - - [30/Aug/2017:05:21:02 +0000] "POST /Mobius/lch2/co2 HTTP/1.1" 201 - "-" "-"
::ffff:127.0.0.1 - - [30/Aug/2017:05:21:07 +0000] "POST /Mobius/lch2/co2 HTTP/1.1" 201 - "-" "-"
::ffff:127.0.0.1 - - [30/Aug/2017:05:21:12 +0000] "POST /Mobius/lch2/co2 HTTP/1.1" 201 - "-" "-"
::ffff:127.0.0.1 - - [30/Aug/2017:05:21:17 +0000] "POST /Mobius/lch2/co2 HTTP/1.1" 201 - "-" "-"
::ffff:127.0.0.1 - - [30/Aug/2017:05:21:22 +0000] "POST /Mobius/lch2/co2 HTTP/1.1" 201 - "-" "-"
::ffff:127.0.0.1 - - [30/Aug/2017:05:21:27 +0000] "POST /Mobius/lch2/co2 HTTP/1.1" 201 - "-" "-"
::ffff:127.0.0.1 - - [30/Aug/2017:05:21:32 +0000] "POST /Mobius/lch2/co2 HTTP/1.1" 201 - "-" "-"
::ffff:127.0.0.1 - - [30/Aug/2017:05:21:37 +0000] "POST /Mobius/lch2/co2 HTTP/1.1" 201 - "-" "-"
::ffff:127.0.0.1 - - [30/Aug/2017:05:21:42 +0000] "POST /Mobius/lch2/co2 HTTP/1.1" 201 - "-" "-"
::ffff:127.0.0.1 - - [30/Aug/2017:05:21:47 +0000] "POST /Mobius/lch2/co2 HTTP/1.1" 201 - "-" "-"
::ffff:127.0.0.1 - - [30/Aug/2017:05:21:52 +0000] "POST /Mobius/lch2/co2 HTTP/1.1" 201 - "-" "-"
::ffff:127.0.0.1 - - [30/Aug/2017:05:21:57 +0000] "POST /Mobius/lch2/co2 HTTP/1.1" 201 - "-" "-"
::ffff:127.0.0.1 - - [30/Aug/2017:05:22:02 +0000] "POST /Mobius/lch2/co2 HTTP/1.1" 201 - "-" "-"
::ffff:127.0.0.1 - - [30/Aug/2017:05:22:07 +0000] "POST /Mobius/lch2/co2 HTTP/1.1" 201 - "-" "-"
::ffff:127.0.0.1 - - [30/Aug/2017:05:22:12 +0000] "POST /Mobius/lch2/co2 HTTP/1.1" 201 - "-" "-"
::ffff:127.0.0.1 - - [30/Aug/2017:05:22:17 +0000] "POST /Mobius/lch2/co2 HTTP/1.1" 201 - "-" "-"
::ffff:127.0.0.1 - - [30/Aug/2017:05:22:22 +0000] "POST /Mobius/lch2/co2 HTTP/1.1" 201 - "-" "-"
::ffff:127.0.0.1 - - [30/Aug/2017:05:22:27 +0000] "POST /Mobius/lch2/co2 HTTP/1.1" 201 - "-" "-"
::ffff:127.0.0.1 - - [30/Aug/2017:05:22:32 +0000] "POST /Mobius/lch2/co2 HTTP/1.1" 201 - "-" "-"
::ffff:127.0.0.1 - - [30/Aug/2017:05:22:37 +0000] "POST /Mobius/lch2/co2 HTTP/1.1" 201 - "-" "-"
::ffff:127.0.0.1 - - [30/Aug/2017:05:22:42 +0000] "POST /Mobius/lch2/co2 HTTP/1.1" 201 - "-" "-"
::ffff:127.0.0.1 - - [30/Aug/2017:05:22:47 +0000] "POST /Mobius/lch2/co2 HTTP/1.1" 201 - "-" "-"
::ffff:127.0.0.1 - - [30/Aug/2017:05:22:52 +0000] "POST /Mobius/lch2/co2 HTTP/1.1" 201 - "-" "-"
::ffff:127.0.0.1 - - [30/Aug/2017:05:22:57 +0000] "POST /Mobius/lch2/co2 HTTP/1.1" 201 - "-" "-"
::ffff:127.0.0.1 - - [30/Aug/2017:05:23:02 +0000] "POST /Mobius/lch2/co2 HTTP/1.1" 201 - "-" "-"
::ffff:127.0.0.1 - - [30/Aug/2017:05:23:07 +0000] "POST /Mobius/lch2/co2 HTTP/1.1" 201 - "-" "-"
::ffff:127.0.0.1 - - [30/Aug/2017:05:23:12 +0000] "POST /Mobius/lch2/co2 HTTP/1.1" 201 - "-" "-"
::ffff:127.0.0.1 - - [30/Aug/2017:05:23:17 +0000] "POST /Mobius/lch2/co2 HTTP/1.1" 201 - "-" "-"
::ffff:127.0.0.1 - - [30/Aug/2017:05:23:22 +0000] "POST /Mobius/lch2/co2 HTTP/1.1" 201 - "-" "-"
::ffff:127.0.0.1 - - [30/Aug/2017:05:23:27 +0000] "POST /Mobius/lch2/co2 HTTP/1.1" 201 - "-" "-"
::ffff:127.0.0.1 - - [30/Aug/2017:05:23:32 +0000] "POST /Mobius/lch2/co2 HTTP/1.1" 201 - "-" "-"
::ffff:127.0.0.1 - - [30/Aug/2017:05:23:37 +0000] "POST /Mobius/lch2/co2 HTTP/1.1" 201 - "-" "-"
::ffff:127.0.0.1 - - [30/Aug/2017:05:23:42 +0000] "POST /Mobius/lch2/co2 HTTP/1.1" 201 - "-" "-"
::ffff:127.0.0.1 - - [30/Aug/2017:05:23:47 +0000] "POST /Mobius/lch2/co2 HTTP/1.1" 201 - "-" "-"
::ffff:127.0.0.1 - - [30/Aug/2017:05:23:52 +0000] "POST /Mobius/lch2/co2 HTTP/1.1" 201 - "-" "-"
::ffff:127.0.0.1 - - [30/Aug/2017:05:23:57 +0000] "POST /Mobius/lch2/co2 HTTP/1.1" 201 - "-" "-"
::ffff:127.0.0.1 - - [30/Aug/2017:05:24:02 +0000] "POST /Mobius/lch2/co2 HTTP/1.1" 201 - "-" "-"
::ffff:127.0.0.1 - - [30/Aug/2017:05:24:07 +0000] "POST /Mobius/lch2/co2 HTTP/1.1" 201 - "-" "-"
::ffff:127.0.0.1 - - [30/Aug/2017:05:24:12 +0000] "POST /Mobius/lch2/co2 HTTP/1.1" 201 - "-" "-"
::ffff:127.0.0.1 - - [30/Aug/2017:05:24:17 +0000] "POST /Mobius/lch2/co2 HTTP/1.1" 201 - "-" "-"
::ffff:127.0.0.1 - - [30/Aug/2017:05:24:22 +0000] "POST /Mobius/lch2/co2 HTTP/1.1" 201 - "-" "-"
::ffff:127.0.0.1 - - [30/Aug/2017:05:24:27 +0000] "POST /Mobius/lch2/co2 HTTP/1.1" 201 - "-" "-"
::ffff:127.0.0.1 - - [30/Aug/2017:05:24:32 +0000] "POST /Mobius/lch2/co2 HTTP/1.1" 201 - "-" "-"
::ffff:127.0.0.1 - - [30/Aug/2017:05:24:37 +0000] "POST /Mobius/lch2/co2 HTTP/1.1" 201 - "-" "-"
::ffff:127.0.0.1 - - [30/Aug/2017:05:24:42 +0000] "POST /Mobius/lch2/co2 HTTP/1.1" 201 - "-" "-"
::ffff:127.0.0.1 - - [30/Aug/2017:05:24:47 +0000] "POST /Mobius/lch2/co2 HTTP/1.1" 201 - "-" "-"
::ffff:127.0.0.1 - - [30/Aug/2017:05:24:52 +0000] "POST /Mobius/lch2/co2 HTTP/1.1" 201 - "-" "-"
::ffff:127.0.0.1 - - [30/Aug/2017:05:24:57 +0000] "POST /Mobius/lch2/co2 HTTP/1.1" 201 - "-" "-"
::ffff:127.0.0.1 - - [30/Aug/2017:05:25:02 +0000] "POST /Mobius/lch2/co2 HTTP/1.1" 201 - "-" "-"
::ffff:127.0.0.1 - - [30/Aug/2017:05:25:07 +0000] "POST /Mobius/lch2/co2 HTTP/1.1" 201 - "-" "-"
::ffff:127.0.0.1 - - [30/Aug/2017:05:25:12 +0000] "POST /Mobius/lch2/co2 HTTP/1.1" 201 - "-" "-"
::ffff:127.0.0.1 - - [30/Aug/2017:05:25:17 +0000] "POST /Mobius/lch2/co2 HTTP/1.1" 201 - "-" "-"
::ffff:127.0.0.1 - - [30/Aug/2017:05:25:22 +0000] "POST /Mobius/lch2/co2 HTTP/1.1" 201 - "-" "-"
::ffff:127.0.0.1 - - [30/Aug/2017:05:25:27 +0000] "POST /Mobius/lch2/co2 HTTP/1.1" 201 - "-" "-"
::ffff:127.0.0.1 - - [30/Aug/2017:05:25:32 +0000] "POST /Mobius/lch2/co2 HTTP/1.1" 201 - "-" "-"
::ffff:127.0.0.1 - - [30/Aug/2017:05:25:37 +0000] "POST /Mobius/lch2/co2 HTTP/1.1" 201 - "-" "-"
::ffff:127.0.0.1 - - [30/Aug/2017:05:25:42 +0000] "POST /Mobius/lch2/co2 HTTP/1.1" 201 - "-" "-"
::ffff:127.0.0.1 - - [30/Aug/2017:05:25:47 +0000] "POST /Mobius/lch2/co2 HTTP/1.1" 201 - "-" "-"
::ffff:127.0.0.1 - - [30/Aug/2017:05:25:52 +0000] "POST /Mobius/lch2/co2 HTTP/1.1" 201 - "-" "-"
::ffff:127.0.0.1 - - [30/Aug/2017:05:25:57 +0000] "POST /Mobius/lch2/co2 HTTP/1.1" 201 - "-" "-"
::ffff:127.0.0.1 - - [30/Aug/2017:05:26:02 +0000] "POST /Mobius/lch2/co2 HTTP/1.1" 201 - "-" "-"
::ffff:127.0.0.1 - - [30/Aug/2017:05:26:07 +0000] "POST /Mobius/lch2/co2 HTTP/1.1" 201 - "-" "-"
::ffff:127.0.0.1 - - [30/Aug/2017:05:26:12 +0000] "POST /Mobius/lch2/co2 HTTP/1.1" 201 - "-" "-"
::ffff:127.0.0.1 - - [30/Aug/2017:05:26:17 +0000] "POST /Mobius/lch2/co2 HTTP/1.1" 201 - "-" "-"
::ffff:127.0.0.1 - - [30/Aug/2017:05:26:22 +0000] "POST /Mobius/lch2/co2 HTTP/1.1" 201 - "-" "-"
::ffff:127.0.0.1 - - [30/Aug/2017:05:26:27 +0000] "POST /Mobius/lch2/co2 HTTP/1.1" 201 - "-" "-"
::ffff:127.0.0.1 - - [30/Aug/2017:05:26:32 +0000] "POST /Mobius/lch2/co2 HTTP/1.1" 201 - "-" "-"
::ffff:127.0.0.1 - - [30/Aug/2017:05:26:37 +0000] "POST /Mobius/lch2/co2 HTTP/1.1" 201 - "-" "-"
::ffff:127.0.0.1 - - [30/Aug/2017:05:26:42 +0000] "POST /Mobius/lch2/co2 HTTP/1.1" 201 - "-" "-"
::ffff:127.0.0.1 - - [30/Aug/2017:05:26:47 +0000] "POST /Mobius/lch2/co2 HTTP/1.1" 201 - "-" "-"
::ffff:127.0.0.1 - - [30/Aug/2017:05:26:52 +0000] "POST /Mobius/lch2/co2 HTTP/1.1" 201 - "-" "-"
::ffff:127.0.0.1 - - [30/Aug/2017:05:26:57 +0000] "POST /Mobius/lch2/co2 HTTP/1.1" 201 - "-" "-"
::ffff:127.0.0.1 - - [30/Aug/2017:05:27:02 +0000] "POST /Mobius/lch2/co2 HTTP/1.1" 201 - "-" "-"
::ffff:127.0.0.1 - - [30/Aug/2017:05:27:07 +0000] "POST /Mobius/lch2/co2 HTTP/1.1" 201 - "-" "-"
::ffff:127.0.0.1 - - [30/Aug/2017:05:27:12 +0000] "POST /Mobius/lch2/co2 HTTP/1.1" 201 - "-" "-"
::ffff:127.0.0.1 - - [30/Aug/2017:05:27:17 +0000] "POST /Mobius/lch2/co2 HTTP/1.1" 201 - "-" "-"
::ffff:127.0.0.1 - - [30/Aug/2017:05:27:22 +0000] "POST /Mobius/lch2/co2 HTTP/1.1" 201 - "-" "-"
::ffff:127.0.0.1 - - [30/Aug/2017:05:27:27 +0000] "POST /Mobius/lch2/co2 HTTP/1.1" 201 - "-" "-"
::ffff:127.0.0.1 - - [30/Aug/2017:05:27:32 +0000] "POST /Mobius/lch2/co2 HTTP/1.1" 201 - "-" "-"
::ffff:127.0.0.1 - - [30/Aug/2017:05:27:37 +0000] "POST /Mobius/lch2/co2 HTTP/1.1" 201 - "-" "-"
::ffff:127.0.0.1 - - [30/Aug/2017:05:27:42 +0000] "POST /Mobius/lch2/co2 HTTP/1.1" 201 - "-" "-"
::ffff:127.0.0.1 - - [30/Aug/2017:05:27:47 +0000] "POST /Mobius/lch2/co2 HTTP/1.1" 201 - "-" "-"
::ffff:127.0.0.1 - - [30/Aug/2017:05:27:52 +0000] "POST /Mobius/lch2/co2 HTTP/1.1" 201 - "-" "-"
::ffff:127.0.0.1 - - [30/Aug/2017:05:27:57 +0000] "POST /Mobius/lch2/co2 HTTP/1.1" 201 - "-" "-"
::ffff:127.0.0.1 - - [30/Aug/2017:05:28:02 +0000] "POST /Mobius/lch2/co2 HTTP/1.1" 201 - "-" "-"
::ffff:127.0.0.1 - - [30/Aug/2017:05:28:07 +0000] "POST /Mobius/lch2/co2 HTTP/1.1" 201 - "-" "-"
::ffff:127.0.0.1 - - [30/Aug/2017:05:28:12 +0000] "POST /Mobius/lch2/co2 HTTP/1.1" 201 - "-" "-"
::ffff:127.0.0.1 - - [30/Aug/2017:05:28:17 +0000] "POST /Mobius/lch2/co2 HTTP/1.1" 201 - "-" "-"
::ffff:127.0.0.1 - - [30/Aug/2017:05:28:22 +0000] "POST /Mobius/lch2/co2 HTTP/1.1" 201 - "-" "-"
::ffff:127.0.0.1 - - [30/Aug/2017:05:28:27 +0000] "POST /Mobius/lch2/co2 HTTP/1.1" 201 - "-" "-"
::ffff:127.0.0.1 - - [30/Aug/2017:05:28:32 +0000] "POST /Mobius/lch2/co2 HTTP/1.1" 201 - "-" "-"
::ffff:127.0.0.1 - - [30/Aug/2017:05:28:37 +0000] "POST /Mobius/lch2/co2 HTTP/1.1" 201 - "-" "-"
::ffff:127.0.0.1 - - [30/Aug/2017:05:28:42 +0000] "POST /Mobius/lch2/co2 HTTP/1.1" 201 - "-" "-"
::ffff:127.0.0.1 - - [30/Aug/2017:05:28:47 +0000] "POST /Mobius/lch2/co2 HTTP/1.1" 201 - "-" "-"
::ffff:127.0.0.1 - - [30/Aug/2017:05:28:52 +0000] "POST /Mobius/lch2/co2 HTTP/1.1" 201 - "-" "-"
::ffff:127.0.0.1 - - [30/Aug/2017:05:28:57 +0000] "POST /Mobius/lch2/co2 HTTP/1.1" 201 - "-" "-"
::ffff:127.0.0.1 - - [30/Aug/2017:05:29:02 +0000] "POST /Mobius/lch2/co2 HTTP/1.1" 201 - "-" "-"
::ffff:127.0.0.1 - - [30/Aug/2017:05:29:07 +0000] "POST /Mobius/lch2/co2 HTTP/1.1" 201 - "-" "-"
::ffff:127.0.0.1 - - [30/Aug/2017:05:29:12 +0000] "POST /Mobius/lch2/co2 HTTP/1.1" 201 - "-" "-"
::ffff:127.0.0.1 - - [30/Aug/2017:05:29:17 +0000] "POST /Mobius/lch2/co2 HTTP/1.1" 201 - "-" "-"
::ffff:127.0.0.1 - - [30/Aug/2017:05:29:22 +0000] "POST /Mobius/lch2/co2 HTTP/1.1" 201 - "-" "-"
::ffff:127.0.0.1 - - [30/Aug/2017:05:29:27 +0000] "POST /Mobius/lch2/co2 HTTP/1.1" 201 - "-" "-"
::ffff:127.0.0.1 - - [30/Aug/2017:05:29:32 +0000] "POST /Mobius/lch2/co2 HTTP/1.1" 201 - "-" "-"
::ffff:127.0.0.1 - - [30/Aug/2017:05:29:37 +0000] "POST /Mobius/lch2/co2 HTTP/1.1" 201 - "-" "-"
::ffff:127.0.0.1 - - [30/Aug/2017:05:29:42 +0000] "POST /Mobius/lch2/co2 HTTP/1.1" 201 - "-" "-"
::ffff:127.0.0.1 - - [30/Aug/2017:05:29:47 +0000] "POST /Mobius/lch2/co2 HTTP/1.1" 201 - "-" "-"
::ffff:127.0.0.1 - - [30/Aug/2017:05:29:52 +0000] "POST /Mobius/lch2/co2 HTTP/1.1" 201 - "-" "-"
::ffff:127.0.0.1 - - [30/Aug/2017:05:29:57 +0000] "POST /Mobius/lch2/co2 HTTP/1.1" 201 - "-" "-"
::ffff:127.0.0.1 - - [30/Aug/2017:05:30:02 +0000] "POST /Mobius/lch2/co2 HTTP/1.1" 201 - "-" "-"
::ffff:127.0.0.1 - - [30/Aug/2017:05:30:07 +0000] "POST /Mobius/lch2/co2 HTTP/1.1" 201 - "-" "-"
::ffff:127.0.0.1 - - [30/Aug/2017:05:30:12 +0000] "POST /Mobius/lch2/co2 HTTP/1.1" 201 - "-" "-"
::ffff:127.0.0.1 - - [30/Aug/2017:05:30:17 +0000] "POST /Mobius/lch2/co2 HTTP/1.1" 201 - "-" "-"
::ffff:127.0.0.1 - - [30/Aug/2017:05:30:22 +0000] "POST /Mobius/lch2/co2 HTTP/1.1" 201 - "-" "-"
::ffff:127.0.0.1 - - [30/Aug/2017:05:30:27 +0000] "POST /Mobius/lch2/co2 HTTP/1.1" 201 - "-" "-"
::ffff:127.0.0.1 - - [30/Aug/2017:05:30:32 +0000] "POST /Mobius/lch2/co2 HTTP/1.1" 201 - "-" "-"
::ffff:127.0.0.1 - - [30/Aug/2017:05:30:37 +0000] "POST /Mobius/lch2/co2 HTTP/1.1" 201 - "-" "-"
::ffff:127.0.0.1 - - [30/Aug/2017:05:30:42 +0000] "POST /Mobius/lch2/co2 HTTP/1.1" 201 - "-" "-"
::ffff:127.0.0.1 - - [30/Aug/2017:05:30:47 +0000] "POST /Mobius/lch2/co2 HTTP/1.1" 201 - "-" "-"
::ffff:127.0.0.1 - - [30/Aug/2017:05:30:52 +0000] "POST /Mobius/lch2/co2 HTTP/1.1" 201 - "-" "-"
::ffff:127.0.0.1 - - [30/Aug/2017:05:30:57 +0000] "POST /Mobius/lch2/co2 HTTP/1.1" 201 - "-" "-"
::ffff:127.0.0.1 - - [30/Aug/2017:05:31:02 +0000] "POST /Mobius/lch2/co2 HTTP/1.1" 201 - "-" "-"
::ffff:127.0.0.1 - - [30/Aug/2017:05:31:07 +0000] "POST /Mobius/lch2/co2 HTTP/1.1" 201 - "-" "-"
::ffff:127.0.0.1 - - [30/Aug/2017:05:31:12 +0000] "POST /Mobius/lch2/co2 HTTP/1.1" 201 - "-" "-"
::ffff:127.0.0.1 - - [30/Aug/2017:05:31:17 +0000] "POST /Mobius/lch2/co2 HTTP/1.1" 201 - "-" "-"
::ffff:127.0.0.1 - - [30/Aug/2017:05:31:22 +0000] "POST /Mobius/lch2/co2 HTTP/1.1" 201 - "-" "-"
::ffff:127.0.0.1 - - [30/Aug/2017:05:31:27 +0000] "POST /Mobius/lch2/co2 HTTP/1.1" 201 - "-" "-"
::ffff:127.0.0.1 - - [30/Aug/2017:05:31:32 +0000] "POST /Mobius/lch2/co2 HTTP/1.1" 201 - "-" "-"
::ffff:127.0.0.1 - - [30/Aug/2017:07:10:22 +0000] "GET /Mobius HTTP/1.1" 200 - "-" "-"
::ffff:127.0.0.1 - - [30/Aug/2017:07:10:22 +0000] "GET /Mobius HTTP/1.1" 200 - "-" "-"
::ffff:127.0.0.1 - - [30/Aug/2017:07:10:22 +0000] "GET /Mobius HTTP/1.1" 200 - "-" "-"
::ffff:127.0.0.1 - - [30/Aug/2017:07:10:24 +0000] "GET /Mobius?fu=1&ty=29 HTTP/1.1" 200 - "-" "-"
::ffff:127.0.0.1 - - [30/Aug/2017:07:10:24 +0000] "POST /Mobius/lch2?rcn=0 HTTP/1.1" 409 - "-" "-"
::ffff:127.0.0.1 - - [30/Aug/2017:07:10:26 +0000] "POST /Mobius/lch2?rcn=0 HTTP/1.1" 409 - "-" "-"
::ffff:127.0.0.1 - - [30/Aug/2017:07:10:28 +0000] "DELETE /Mobius/lch2/led/sub HTTP/1.1" 200 - "-" "-"
::ffff:127.0.0.1 - - [30/Aug/2017:07:10:30 +0000] "POST /Mobius/lch2/led?rcn=0 HTTP/1.1" 201 - "-" "-"
::ffff:127.0.0.1 - - [30/Aug/2017:07:10:33 +0000] "POST /Mobius/lch2/co2 HTTP/1.1" 201 - "-" "-"
::ffff:127.0.0.1 - - [30/Aug/2017:07:10:38 +0000] "POST /Mobius/lch2/co2 HTTP/1.1" 201 - "-" "-"
::ffff:192.168.0.52 - - [30/Aug/2017:07:10:39 +0000] "GET /mobius-yt/lch2/cnt-co2/latest HTTP/1.1" 500 - "-" "Dalvik/2.1.0 (Linux; U; Android 7.0; SM-G935S Build/NRD90M)"
::ffff:192.168.0.52 - - [30/Aug/2017:07:10:40 +0000] "POST /mobius-yt/lch2/cnt-co2 HTTP/1.1" 500 - "-" "Dalvik/2.1.0 (Linux; U; Android 7.0; SM-G935S Build/NRD90M)"
::ffff:127.0.0.1 - - [30/Aug/2017:07:10:43 +0000] "POST /Mobius/lch2/co2 HTTP/1.1" 201 - "-" "-"
::ffff:192.168.0.52 - - [30/Aug/2017:07:10:45 +0000] "GET /mobius-yt/lch2/cnt-co2/latest HTTP/1.1" 500 - "-" "Dalvik/2.1.0 (Linux; U; Android 7.0; SM-G935S Build/NRD90M)"
::ffff:192.168.0.52 - - [30/Aug/2017:07:10:47 +0000] "POST /mobius-yt/lch2/cnt-led HTTP/1.1" 500 - "-" "Dalvik/2.1.0 (Linux; U; Android 7.0; SM-G935S Build/NRD90M)"
::ffff:127.0.0.1 - - [30/Aug/2017:07:10:48 +0000] "POST /Mobius/lch2/co2 HTTP/1.1" 201 - "-" "-"
::ffff:192.168.0.52 - - [30/Aug/2017:07:10:49 +0000] "POST /mobius-yt/lch2/cnt-led HTTP/1.1" 500 - "-" "Dalvik/2.1.0 (Linux; U; Android 7.0; SM-G935S Build/NRD90M)"
::ffff:192.168.0.52 - - [30/Aug/2017:07:10:50 +0000] "POST /mobius-yt/lch2/cnt-led HTTP/1.1" 500 - "-" "Dalvik/2.1.0 (Linux; U; Android 7.0; SM-G935S Build/NRD90M)"
::ffff:192.168.0.52 - - [30/Aug/2017:07:10:51 +0000] "POST /mobius-yt/lch2/cnt-led HTTP/1.1" 500 - "-" "Dalvik/2.1.0 (Linux; U; Android 7.0; SM-G935S Build/NRD90M)"
::ffff:127.0.0.1 - - [30/Aug/2017:07:10:53 +0000] "POST /Mobius/lch2/co2 HTTP/1.1" 201 - "-" "-"
::ffff:192.168.0.52 - - [30/Aug/2017:07:10:58 +0000] "POST /mobius-yt/lch2/cnt-led HTTP/1.1" 500 - "-" "Dalvik/2.1.0 (Linux; U; Android 7.0; SM-G935S Build/NRD90M)"
