::ffff:127.0.0.1 - - [30/Aug/2017:07:10:58 +0000] "POST /Mobius/lch2/co2 HTTP/1.1" 201 - "-" "-"
::ffff:192.168.0.52 - - [30/Aug/2017:07:10:58 +0000] "POST /mobius-yt/lch2/cnt-led HTTP/1.1" 500 - "-" "Dalvik/2.1.0 (Linux; U; Android 7.0; SM-G935S Build/NRD90M)"
::ffff:192.168.0.52 - - [30/Aug/2017:07:10:59 +0000] "POST /mobius-yt/lch2/cnt-led HTTP/1.1" 500 - "-" "Dalvik/2.1.0 (Linux; U; Android 7.0; SM-G935S Build/NRD90M)"
::ffff:192.168.0.52 - - [30/Aug/2017:07:10:59 +0000] "POST /mobius-yt/lch2/cnt-led HTTP/1.1" 500 - "-" "Dalvik/2.1.0 (Linux; U; Android 7.0; SM-G935S Build/NRD90M)"
::ffff:192.168.0.52 - - [30/Aug/2017:07:10:59 +0000] "POST /mobius-yt/lch2/cnt-led HTTP/1.1" 500 - "-" "Dalvik/2.1.0 (Linux; U; Android 7.0; SM-G935S Build/NRD90M)"
::ffff:192.168.0.52 - - [30/Aug/2017:07:10:59 +0000] "POST /mobius-yt/lch2/cnt-led HTTP/1.1" 500 - "-" "Dalvik/2.1.0 (Linux; U; Android 7.0; SM-G935S Build/NRD90M)"
::ffff:192.168.0.52 - - [30/Aug/2017:07:11:00 +0000] "POST /mobius-yt/lch2/cnt-led HTTP/1.1" 500 - "-" "Dalvik/2.1.0 (Linux; U; Android 7.0; SM-G935S Build/NRD90M)"
::ffff:192.168.0.52 - - [30/Aug/2017:07:11:00 +0000] "POST /mobius-yt/lch2/cnt-led HTTP/1.1" 500 - "-" "Dalvik/2.1.0 (Linux; U; Android 7.0; SM-G935S Build/NRD90M)"
::ffff:127.0.0.1 - - [30/Aug/2017:07:11:03 +0000] "POST /Mobius/lch2/co2 HTTP/1.1" 201 - "-" "-"
::ffff:192.168.0.52 - - [30/Aug/2017:07:11:04 +0000] "POST /mobius-yt/lch2/cnt-led HTTP/1.1" 500 - "-" "Dalvik/2.1.0 (Linux; U; Android 7.0; SM-G935S Build/NRD90M)"
::ffff:192.168.0.52 - - [30/Aug/2017:07:11:04 +0000] "POST /mobius-yt/lch2/cnt-led HTTP/1.1" 500 - "-" "Dalvik/2.1.0 (Linux; U; Android 7.0; SM-G935S Build/NRD90M)"
::ffff:192.168.0.52 - - [30/Aug/2017:07:11:04 +0000] "POST /mobius-yt/lch2/cnt-led HTTP/1.1" 500 - "-" "Dalvik/2.1.0 (Linux; U; Android 7.0; SM-G935S Build/NRD90M)"
::ffff:192.168.0.52 - - [30/Aug/2017:07:11:05 +0000] "POST /mobius-yt/lch2/cnt-led HTTP/1.1" 500 - "-" "Dalvik/2.1.0 (Linux; U; Android 7.0; SM-G935S Build/NRD90M)"
::ffff:192.168.0.52 - - [30/Aug/2017:07:11:05 +0000] "POST /mobius-yt/lch2/cnt-led HTTP/1.1" 500 - "-" "Dalvik/2.1.0 (Linux; U; Android 7.0; SM-G935S Build/NRD90M)"
::ffff:192.168.0.52 - - [30/Aug/2017:07:11:05 +0000] "POST /mobius-yt/lch2/cnt-led HTTP/1.1" 500 - "-" "Dalvik/2.1.0 (Linux; U; Android 7.0; SM-G935S Build/NRD90M)"
::ffff:192.168.0.52 - - [30/Aug/2017:07:11:05 +0000] "POST /mobius-yt/lch2/cnt-led HTTP/1.1" 500 - "-" "Dalvik/2.1.0 (Linux; U; Android 7.0; SM-G935S Build/NRD90M)"
::ffff:192.168.0.52 - - [30/Aug/2017:07:11:05 +0000] "POST /mobius-yt/lch2/cnt-led HTTP/1.1" 500 - "-" "Dalvik/2.1.0 (Linux; U; Android 7.0; SM-G935S Build/NRD90M)"
::ffff:127.0.0.1 - - [30/Aug/2017:07:11:08 +0000] "POST /Mobius/lch2/co2 HTTP/1.1" 201 - "-" "-"
::ffff:127.0.0.1 - - [30/Aug/2017:07:11:13 +0000] "POST /Mobius/lch2/co2 HTTP/1.1" 201 - "-" "-"
::ffff:127.0.0.1 - - [30/Aug/2017:07:11:13 +0000] "DELETE /Mobius/lch2/co2/rtvt-npvbz79bp0_sub HTTP/1.1" 200 - "-" "-"
::ffff:127.0.0.1 - - [30/Aug/2017:07:11:18 +0000] "POST /Mobius/lch2/co2 HTTP/1.1" 201 - "-" "-"
::ffff:127.0.0.1 - - [30/Aug/2017:07:11:23 +0000] "POST /Mobius/lch2/co2 HTTP/1.1" 201 - "-" "-"
::ffff:127.0.0.1 - - [30/Aug/2017:07:11:28 +0000] "POST /Mobius/lch2/co2 HTTP/1.1" 201 - "-" "-"
::ffff:127.0.0.1 - - [30/Aug/2017:07:11:33 +0000] "POST /Mobius/lch2/co2 HTTP/1.1" 201 - "-" "-"
::ffff:127.0.0.1 - - [30/Aug/2017:07:11:38 +0000] "POST /Mobius/lch2/co2 HTTP/1.1" 201 - "-" "-"
::ffff:127.0.0.1 - - [30/Aug/2017:07:11:43 +0000] "POST /Mobius/lch2/co2 HTTP/1.1" 201 - "-" "-"
::ffff:127.0.0.1 - - [30/Aug/2017:07:11:48 +0000] "POST /Mobius/lch2/co2 HTTP/1.1" 201 - "-" "-"
::ffff:127.0.0.1 - - [30/Aug/2017:07:11:53 +0000] "POST /Mobius/lch2/co2 HTTP/1.1" 201 - "-" "-"
::ffff:127.0.0.1 - - [30/Aug/2017:07:11:58 +0000] "POST /Mobius/lch2/co2 HTTP/1.1" 201 - "-" "-"
::ffff:127.0.0.1 - - [30/Aug/2017:07:12:03 +0000] "POST /Mobius/lch2/co2 HTTP/1.1" 201 - "-" "-"
::ffff:127.0.0.1 - - [30/Aug/2017:07:12:08 +0000] "POST /Mobius/lch2/co2 HTTP/1.1" 201 - "-" "-"
::ffff:192.168.0.52 - - [30/Aug/2017:07:12:12 +0000] "POST /lch2 HTTP/1.1" 403 - "-" "Dalvik/2.1.0 (Linux; U; Android 7.0; SM-G935S Build/NRD90M)"
::ffff:192.168.0.52 - - [30/Aug/2017:07:12:13 +0000] "GET /lch2/ncubeapp HTTP/1.1" 404 - "-" "Dalvik/2.1.0 (Linux; U; Android 7.0; SM-G935S Build/NRD90M)"
::ffff:127.0.0.1 - - [30/Aug/2017:07:12:13 +0000] "POST /Mobius/lch2/co2 HTTP/1.1" 201 - "-" "-"
::ffff:127.0.0.1 - - [30/Aug/2017:07:12:18 +0000] "POST /Mobius/lch2/co2 HTTP/1.1" 201 - "-" "-"
::ffff:192.168.0.52 - - [30/Aug/2017:07:12:21 +0000] "POST /lch2/lch2/cnt-co2 HTTP/1.1" 404 - "-" "Dalvik/2.1.0 (Linux; U; Android 7.0; SM-G935S Build/NRD90M)"
::ffff:127.0.0.1 - - [30/Aug/2017:07:12:23 +0000] "POST /Mobius/lch2/co2 HTTP/1.1" 201 - "-" "-"
::ffff:192.168.0.52 - - [30/Aug/2017:07:12:24 +0000] "GET /lch2/lch2/cnt-co2/latest HTTP/1.1" 404 - "-" "Dalvik/2.1.0 (Linux; U; Android 7.0; SM-G935S Build/NRD90M)"
::ffff:127.0.0.1 - - [30/Aug/2017:07:12:28 +0000] "POST /Mobius/lch2/co2 HTTP/1.1" 201 - "-" "-"
::ffff:192.168.0.52 - - [30/Aug/2017:07:12:31 +0000] "GET /lch2/lch2/cnt-co2/latest HTTP/1.1" 404 - "-" "Dalvik/2.1.0 (Linux; U; Android 7.0; SM-G935S Build/NRD90M)"
::ffff:127.0.0.1 - - [30/Aug/2017:07:12:33 +0000] "POST /Mobius/lch2/co2 HTTP/1.1" 201 - "-" "-"
::ffff:192.168.0.52 - - [30/Aug/2017:07:12:37 +0000] "POST /lch2/lch2/cnt-led HTTP/1.1" 404 - "-" "Dalvik/2.1.0 (Linux; U; Android 7.0; SM-G935S Build/NRD90M)"
::ffff:192.168.0.52 - - [30/Aug/2017:07:12:37 +0000] "POST /lch2/lch2/cnt-led HTTP/1.1" 404 - "-" "Dalvik/2.1.0 (Linux; U; Android 7.0; SM-G935S Build/NRD90M)"
::ffff:127.0.0.1 - - [30/Aug/2017:07:12:38 +0000] "POST /Mobius/lch2/co2 HTTP/1.1" 201 - "-" "-"
::ffff:192.168.0.52 - - [30/Aug/2017:07:12:38 +0000] "POST /lch2/lch2/cnt-led HTTP/1.1" 404 - "-" "Dalvik/2.1.0 (Linux; U; Android 7.0; SM-G935S Build/NRD90M)"
::ffff:192.168.0.52 - - [30/Aug/2017:07:12:38 +0000] "POST /lch2/lch2/cnt-led HTTP/1.1" 404 - "-" "Dalvik/2.1.0 (Linux; U; Android 7.0; SM-G935S Build/NRD90M)"
::ffff:192.168.0.52 - - [30/Aug/2017:07:12:42 +0000] "POST /lch2/lch2/cnt-led HTTP/1.1" 404 - "-" "Dalvik/2.1.0 (Linux; U; Android 7.0; SM-G935S Build/NRD90M)"
::ffff:127.0.0.1 - - [30/Aug/2017:07:12:43 +0000] "POST /Mobius/lch2/co2 HTTP/1.1" 201 - "-" "-"
::ffff:192.168.0.52 - - [30/Aug/2017:07:12:44 +0000] "POST /lch2/lch2/cnt-led HTTP/1.1" 404 - "-" "Dalvik/2.1.0 (Linux; U; Android 7.0; SM-G935S Build/NRD90M)"
::ffff:127.0.0.1 - - [30/Aug/2017:07:12:48 +0000] "POST /Mobius/lch2/co2 HTTP/1.1" 201 - "-" "-"
::ffff:127.0.0.1 - - [30/Aug/2017:07:12:53 +0000] "POST /Mobius/lch2/co2 HTTP/1.1" 201 - "-" "-"
::ffff:127.0.0.1 - - [30/Aug/2017:07:12:58 +0000] "POST /Mobius/lch2/co2 HTTP/1.1" 201 - "-" "-"
::ffff:192.168.0.52 - - [30/Aug/2017:07:18:06 +0000] "POST /lch2 HTTP/1.1" 403 - "-" "Dalvik/2.1.0 (Linux; U; Android 7.0; SM-G935S Build/NRD90M)"
::ffff:192.168.0.52 - - [30/Aug/2017:07:18:06 +0000] "POST /lch2/lch2/led HTTP/1.1" 404 - "-" "Dalvik/2.1.0 (Linux; U; Android 7.0; SM-G935S Build/NRD90M)"
::ffff:192.168.0.52 - - [30/Aug/2017:07:18:06 +0000] "POST /lch2/lch2/led HTTP/1.1" 404 - "-" "Dalvik/2.1.0 (Linux; U; Android 7.0; SM-G935S Build/NRD90M)"
::ffff:192.168.0.52 - - [30/Aug/2017:07:18:06 +0000] "POST /lch2/lch2/led HTTP/1.1" 404 - "-" "Dalvik/2.1.0 (Linux; U; Android 7.0; SM-G935S Build/NRD90M)"
::ffff:192.168.0.52 - - [30/Aug/2017:07:18:06 +0000] "POST /lch2/lch2/led HTTP/1.1" 404 - "-" "Dalvik/2.1.0 (Linux; U; Android 7.0; SM-G935S Build/NRD90M)"
::ffff:192.168.0.52 - - [30/Aug/2017:07:18:06 +0000] "POST /lch2/lch2/led HTTP/1.1" 404 - "-" "Dalvik/2.1.0 (Linux; U; Android 7.0; SM-G935S Build/NRD90M)"
::ffff:192.168.0.52 - - [30/Aug/2017:07:18:06 +0000] "POST /lch2/lch2/led HTTP/1.1" 404 - "-" "Dalvik/2.1.0 (Linux; U; Android 7.0; SM-G935S Build/NRD90M)"
::ffff:192.168.0.52 - - [30/Aug/2017:07:18:06 +0000] "POST /lch2/lch2/led HTTP/1.1" 404 - "-" "Dalvik/2.1.0 (Linux; U; Android 7.0; SM-G935S Build/NRD90M)"
::ffff:192.168.0.52 - - [30/Aug/2017:07:18:06 +0000] "POST /lch2/lch2/led HTTP/1.1" 404 - "-" "Dalvik/2.1.0 (Linux; U; Android 7.0; SM-G935S Build/NRD90M)"
::ffff:192.168.0.52 - - [30/Aug/2017:07:18:06 +0000] "POST /lch2/lch2/led HTTP/1.1" 404 - "-" "Dalvik/2.1.0 (Linux; U; Android 7.0; SM-G935S Build/NRD90M)"
::ffff:192.168.0.52 - - [30/Aug/2017:07:18:06 +0000] "POST /lch2/lch2/led HTTP/1.1" 404 - "-" "Dalvik/2.1.0 (Linux; U; Android 7.0; SM-G935S Build/NRD90M)"
::ffff:192.168.0.52 - - [30/Aug/2017:07:18:06 +0000] "POST /lch2/lch2/led HTTP/1.1" 404 - "-" "Dalvik/2.1.0 (Linux; U; Android 7.0; SM-G935S Build/NRD90M)"
::ffff:192.168.0.52 - - [30/Aug/2017:07:18:06 +0000] "POST /lch2/lch2/led HTTP/1.1" 404 - "-" "Dalvik/2.1.0 (Linux; U; Android 7.0; SM-G935S Build/NRD90M)"
::ffff:192.168.0.52 - - [30/Aug/2017:07:18:06 +0000] "POST /lch2/lch2/led HTTP/1.1" 404 - "-" "Dalvik/2.1.0 (Linux; U; Android 7.0; SM-G935S Build/NRD90M)"
::ffff:192.168.0.52 - - [30/Aug/2017:07:18:06 +0000] "POST /lch2/lch2/led HTTP/1.1" 404 - "-" "Dalvik/2.1.0 (Linux; U; Android 7.0; SM-G935S Build/NRD90M)"
::ffff:192.168.0.52 - - [30/Aug/2017:07:18:06 +0000] "POST /lch2/lch2/led HTTP/1.1" 404 - "-" "Dalvik/2.1.0 (Linux; U; Android 7.0; SM-G935S Build/NRD90M)"
::ffff:192.168.0.52 - - [30/Aug/2017:07:18:06 +0000] "POST /lch2/lch2/led HTTP/1.1" 404 - "-" "Dalvik/2.1.0 (Linux; U; Android 7.0; SM-G935S Build/NRD90M)"
::ffff:192.168.0.52 - - [30/Aug/2017:07:18:06 +0000] "GET /lch2/ncubeapp HTTP/1.1" 404 - "-" "Dalvik/2.1.0 (Linux; U; Android 7.0; SM-G935S Build/NRD90M)"
::ffff:127.0.0.1 - - [30/Aug/2017:07:18:06 +0000] "POST /Mobius/lch2/co2 HTTP/1.1" 201 - "-" "-"
::ffff:127.0.0.1 - - [30/Aug/2017:07:18:12 +0000] "POST /Mobius/lch2/co2 HTTP/1.1" 201 - "-" "-"
::ffff:127.0.0.1 - - [30/Aug/2017:07:18:18 +0000] "GET /Mobius HTTP/1.1" 200 - "-" "-"
::ffff:127.0.0.1 - - [30/Aug/2017:07:18:18 +0000] "GET /Mobius HTTP/1.1" 200 - "-" "-"
::ffff:127.0.0.1 - - [30/Aug/2017:07:18:18 +0000] "GET /Mobius HTTP/1.1" 200 - "-" "-"
::ffff:192.168.0.52 - - [30/Aug/2017:07:18:18 +0000] "POST /lch2/lch2/led HTTP/1.1" 404 - "-" "Dalvik/2.1.0 (Linux; U; Android 7.0; SM-G935S Build/NRD90M)"
::ffff:192.168.0.52 - - [30/Aug/2017:07:18:20 +0000] "POST /lch2/lch2/led HTTP/1.1" 404 - "-" "Dalvik/2.1.0 (Linux; U; Android 7.0; SM-G935S Build/NRD90M)"
::ffff:127.0.0.1 - - [30/Aug/2017:07:18:20 +0000] "GET /Mobius?fu=1&ty=29 HTTP/1.1" 200 - "-" "-"
::ffff:192.168.0.52 - - [30/Aug/2017:07:18:22 +0000] "POST /lch2/lch2/led HTTP/1.1" 404 - "-" "Dalvik/2.1.0 (Linux; U; Android 7.0; SM-G935S Build/NRD90M)"
::ffff:127.0.0.1 - - [30/Aug/2017:07:18:22 +0000] "POST /Mobius/lch2/co2 HTTP/1.1" 201 - "-" "-"
::ffff:192.168.0.52 - - [30/Aug/2017:07:18:24 +0000] "POST /lch2/lch2/led HTTP/1.1" 404 - "-" "Dalvik/2.1.0 (Linux; U; Android 7.0; SM-G935S Build/NRD90M)"
::ffff:192.168.0.52 - - [30/Aug/2017:07:18:26 +0000] "POST /lch2/lch2/led HTTP/1.1" 404 - "-" "Dalvik/2.1.0 (Linux; U; Android 7.0; SM-G935S Build/NRD90M)"
::ffff:192.168.0.52 - - [30/Aug/2017:07:18:27 +0000] "POST /lch2/lch2/led HTTP/1.1" 404 - "-" "Dalvik/2.1.0 (Linux; U; Android 7.0; SM-G935S Build/NRD90M)"
::ffff:192.168.0.52 - - [30/Aug/2017:07:18:27 +0000] "POST /lch2/lch2/led HTTP/1.1" 404 - "-" "Dalvik/2.1.0 (Linux; U; Android 7.0; SM-G935S Build/NRD90M)"
::ffff:192.168.0.52 - - [30/Aug/2017:07:18:27 +0000] "POST /lch2/lch2/led HTTP/1.1" 404 - "-" "Dalvik/2.1.0 (Linux; U; Android 7.0; SM-G935S Build/NRD90M)"
::ffff:127.0.0.1 - - [30/Aug/2017:07:18:27 +0000] "POST /Mobius/lch2/co2 HTTP/1.1" 201 - "-" "-"
::ffff:192.168.0.52 - - [30/Aug/2017:07:18:27 +0000] "POST /lch2/lch2/led HTTP/1.1" 404 - "-" "Dalvik/2.1.0 (Linux; U; Android 7.0; SM-G935S Build/NRD90M)"
::ffff:192.168.0.52 - - [30/Aug/2017:07:18:27 +0000] "POST /lch2/lch2/led HTTP/1.1" 404 - "-" "Dalvik/2.1.0 (Linux; U; Android 7.0; SM-G935S Build/NRD90M)"
::ffff:192.168.0.52 - - [30/Aug/2017:07:18:27 +0000] "POST /lch2/lch2/led HTTP/1.1" 404 - "-" "Dalvik/2.1.0 (Linux; U; Android 7.0; SM-G935S Build/NRD90M)"
::ffff:192.168.0.52 - - [30/Aug/2017:07:18:28 +0000] "POST /lch2/lch2/led HTTP/1.1" 404 - "-" "Dalvik/2.1.0 (Linux; U; Android 7.0; SM-G935S Build/NRD90M)"
::ffff:192.168.0.52 - - [30/Aug/2017:07:18:28 +0000] "POST /lch2/lch2/led HTTP/1.1" 404 - "-" "Dalvik/2.1.0 (Linux; U; Android 7.0; SM-G935S Build/NRD90M)"
::ffff:192.168.0.52 - - [30/Aug/2017:07:18:28 +0000] "POST /lch2/lch2/led HTTP/1.1" 404 - "-" "Dalvik/2.1.0 (Linux; U; Android 7.0; SM-G935S Build/NRD90M)"
::ffff:192.168.0.52 - - [30/Aug/2017:07:18:28 +0000] "POST /lch2/lch2/led HTTP/1.1" 404 - "-" "Dalvik/2.1.0 (Linux; U; Android 7.0; SM-G935S Build/NRD90M)"
::ffff:192.168.0.52 - - [30/Aug/2017:07:18:28 +0000] "POST /lch2/lch2/led HTTP/1.1" 404 - "-" "Dalvik/2.1.0 (Linux; U; Android 7.0; SM-G935S Build/NRD90M)"
::ffff:192.168.0.52 - - [30/Aug/2017:07:18:28 +0000] "POST /lch2/lch2/led HTTP/1.1" 404 - "-" "Dalvik/2.1.0 (Linux; U; Android 7.0; SM-G935S Build/NRD90M)"
::ffff:192.168.0.52 - - [30/Aug/2017:07:18:29 +0000] "POST /lch2/lch2/led HTTP/1.1" 404 - "-" "Dalvik/2.1.0 (Linux; U; Android 7.0; SM-G935S Build/NRD90M)"
::ffff:127.0.0.1 - - [30/Aug/2017:07:18:32 +0000] "POST /Mobius/lch2/co2 HTTP/1.1" 201 - "-" "-"
::ffff:127.0.0.1 - - [30/Aug/2017:07:18:37 +0000] "POST /Mobius/lch2/co2 HTTP/1.1" 201 - "-" "-"
::ffff:127.0.0.1 - - [30/Aug/2017:07:18:42 +0000] "POST /Mobius/lch2/co2 HTTP/1.1" 201 - "-" "-"
::ffff:127.0.0.1 - - [30/Aug/2017:07:18:47 +0000] "POST /Mobius/lch2/co2 HTTP/1.1" 201 - "-" "-"
::ffff:127.0.0.1 - - [30/Aug/2017:07:18:52 +0000] "POST /Mobius/lch2/co2 HTTP/1.1" 201 - "-" "-"
::ffff:127.0.0.1 - - [30/Aug/2017:07:18:57 +0000] "POST /Mobius/lch2/co2 HTTP/1.1" 201 - "-" "-"
::ffff:127.0.0.1 - - [30/Aug/2017:07:19:02 +0000] "POST /Mobius/lch2/co2 HTTP/1.1" 201 - "-" "-"
::ffff:127.0.0.1 - - [30/Aug/2017:07:19:07 +0000] "POST /Mobius/lch2/co2 HTTP/1.1" 201 - "-" "-"
::ffff:127.0.0.1 - - [30/Aug/2017:07:19:12 +0000] "POST /Mobius/lch2/co2 HTTP/1.1" 201 - "-" "-"
::ffff:127.0.0.1 - - [30/Aug/2017:07:19:17 +0000] "POST /Mobius/lch2/co2 HTTP/1.1" 201 - "-" "-"
::ffff:127.0.0.1 - - [30/Aug/2017:07:19:22 +0000] "POST /Mobius/lch2/co2 HTTP/1.1" 201 - "-" "-"
::ffff:127.0.0.1 - - [30/Aug/2017:07:19:27 +0000] "POST /Mobius/lch2/co2 HTTP/1.1" 201 - "-" "-"
::ffff:127.0.0.1 - - [30/Aug/2017:07:19:32 +0000] "POST /Mobius/lch2/co2 HTTP/1.1" 201 - "-" "-"
::ffff:127.0.0.1 - - [30/Aug/2017:07:19:37 +0000] "POST /Mobius/lch2/co2 HTTP/1.1" 201 - "-" "-"
::ffff:127.0.0.1 - - [30/Aug/2017:07:19:42 +0000] "POST /Mobius/lch2/co2 HTTP/1.1" 201 - "-" "-"
::ffff:127.0.0.1 - - [30/Aug/2017:07:19:47 +0000] "POST /Mobius/lch2/co2 HTTP/1.1" 201 - "-" "-"
::ffff:127.0.0.1 - - [30/Aug/2017:07:19:52 +0000] "POST /Mobius/lch2/co2 HTTP/1.1" 201 - "-" "-"
::ffff:127.0.0.1 - - [30/Aug/2017:07:19:57 +0000] "POST /Mobius/lch2/co2 HTTP/1.1" 201 - "-" "-"
::ffff:127.0.0.1 - - [30/Aug/2017:07:20:02 +0000] "POST /Mobius/lch2/co2 HTTP/1.1" 201 - "-" "-"
::ffff:127.0.0.1 - - [30/Aug/2017:07:20:07 +0000] "POST /Mobius/lch2/co2 HTTP/1.1" 201 - "-" "-"
::ffff:127.0.0.1 - - [30/Aug/2017:07:20:12 +0000] "POST /Mobius/lch2/co2 HTTP/1.1" 201 - "-" "-"
::ffff:127.0.0.1 - - [30/Aug/2017:07:20:17 +0000] "POST /Mobius/lch2/co2 HTTP/1.1" 201 - "-" "-"
::ffff:127.0.0.1 - - [30/Aug/2017:07:20:22 +0000] "POST /Mobius/lch2/co2 HTTP/1.1" 201 - "-" "-"
::ffff:127.0.0.1 - - [30/Aug/2017:07:20:27 +0000] "POST /Mobius/lch2/co2 HTTP/1.1" 201 - "-" "-"
::ffff:127.0.0.1 - - [30/Aug/2017:07:20:32 +0000] "POST /Mobius/lch2/co2 HTTP/1.1" 201 - "-" "-"
::ffff:127.0.0.1 - - [30/Aug/2017:07:20:37 +0000] "POST /Mobius/lch2/co2 HTTP/1.1" 201 - "-" "-"
::ffff:127.0.0.1 - - [30/Aug/2017:07:20:43 +0000] "POST /Mobius/lch2/co2 HTTP/1.1" 201 - "-" "-"
::ffff:127.0.0.1 - - [30/Aug/2017:07:20:47 +0000] "POST /Mobius/lch2/co2 HTTP/1.1" 201 - "-" "-"
::ffff:127.0.0.1 - - [30/Aug/2017:07:20:52 +0000] "POST /Mobius/lch2/co2 HTTP/1.1" 201 - "-" "-"
::ffff:127.0.0.1 - - [30/Aug/2017:07:20:57 +0000] "POST /Mobius/lch2/co2 HTTP/1.1" 201 - "-" "-"
::ffff:127.0.0.1 - - [30/Aug/2017:07:21:02 +0000] "POST /Mobius/lch2/co2 HTTP/1.1" 201 - "-" "-"
::ffff:127.0.0.1 - - [30/Aug/2017:07:21:07 +0000] "POST /Mobius/lch2/co2 HTTP/1.1" 201 - "-" "-"
::ffff:192.168.0.52 - - [30/Aug/2017:07:21:10 +0000] "POST /mobius-yt HTTP/1.1" 500 - "-" "Dalvik/2.1.0 (Linux; U; Android 7.0; SM-G935S Build/NRD90M)"
::ffff:192.168.0.52 - - [30/Aug/2017:07:21:10 +0000] "GET /mobius-yt/ncubeapp HTTP/1.1" 500 - "-" "Dalvik/2.1.0 (Linux; U; Android 7.0; SM-G935S Build/NRD90M)"
::ffff:127.0.0.1 - - [30/Aug/2017:07:21:12 +0000] "POST /Mobius/lch2/co2 HTTP/1.1" 201 - "-" "-"
::ffff:192.168.0.52 - - [30/Aug/2017:07:21:15 +0000] "POST /mobius-yt/lch2/led HTTP/1.1" 500 - "-" "Dalvik/2.1.0 (Linux; U; Android 7.0; SM-G935S Build/NRD90M)"
::ffff:192.168.0.52 - - [30/Aug/2017:07:21:16 +0000] "POST /mobius-yt/lch2/led HTTP/1.1" 500 - "-" "Dalvik/2.1.0 (Linux; U; Android 7.0; SM-G935S Build/NRD90M)"
::ffff:127.0.0.1 - - [30/Aug/2017:07:21:17 +0000] "POST /Mobius/lch2/co2 HTTP/1.1" 201 - "-" "-"
::ffff:127.0.0.1 - - [30/Aug/2017:07:21:22 +0000] "POST /Mobius/lch2/co2 HTTP/1.1" 201 - "-" "-"
::ffff:127.0.0.1 - - [30/Aug/2017:07:21:27 +0000] "POST /Mobius/lch2/co2 HTTP/1.1" 201 - "-" "-"
::ffff:127.0.0.1 - - [30/Aug/2017:07:21:32 +0000] "POST /Mobius/lch2/co2 HTTP/1.1" 201 - "-" "-"
::ffff:127.0.0.1 - - [30/Aug/2017:07:21:37 +0000] "POST /Mobius/lch2/co2 HTTP/1.1" 201 - "-" "-"
::ffff:127.0.0.1 - - [30/Aug/2017:07:21:41 +0000] "POST /Mobius/lch2/co2 HTTP/1.1" 201 - "-" "-"
::ffff:127.0.0.1 - - [30/Aug/2017:07:21:46 +0000] "POST /Mobius/lch2/co2 HTTP/1.1" 201 - "-" "-"
::ffff:127.0.0.1 - - [30/Aug/2017:07:21:51 +0000] "POST /Mobius/lch2/co2 HTTP/1.1" 201 - "-" "-"
::ffff:127.0.0.1 - - [30/Aug/2017:07:21:56 +0000] "POST /Mobius/lch2/co2 HTTP/1.1" 201 - "-" "-"
::ffff:127.0.0.1 - - [30/Aug/2017:07:22:01 +0000] "POST /Mobius/lch2/co2 HTTP/1.1" 201 - "-" "-"
::ffff:127.0.0.1 - - [30/Aug/2017:07:22:06 +0000] "POST /Mobius/lch2/co2 HTTP/1.1" 201 - "-" "-"
::ffff:127.0.0.1 - - [30/Aug/2017:07:22:11 +0000] "POST /Mobius/lch2/co2 HTTP/1.1" 201 - "-" "-"
::ffff:127.0.0.1 - - [30/Aug/2017:07:22:16 +0000] "POST /Mobius/lch2/co2 HTTP/1.1" 201 - "-" "-"
::ffff:127.0.0.1 - - [30/Aug/2017:07:22:21 +0000] "POST /Mobius/lch2/co2 HTTP/1.1" 201 - "-" "-"
::ffff:127.0.0.1 - - [30/Aug/2017:07:22:26 +0000] "POST /Mobius/lch2/co2 HTTP/1.1" 201 - "-" "-"
::ffff:127.0.0.1 - - [30/Aug/2017:07:22:31 +0000] "POST /Mobius/lch2/co2 HTTP/1.1" 201 - "-" "-"
::ffff:127.0.0.1 - - [30/Aug/2017:07:22:36 +0000] "POST /Mobius/lch2/co2 HTTP/1.1" 201 - "-" "-"
::ffff:127.0.0.1 - - [30/Aug/2017:07:22:41 +0000] "POST /Mobius/lch2/co2 HTTP/1.1" 201 - "-" "-"
::ffff:127.0.0.1 - - [30/Aug/2017:07:22:46 +0000] "POST /Mobius/lch2/co2 HTTP/1.1" 201 - "-" "-"
::ffff:127.0.0.1 - - [30/Aug/2017:07:22:51 +0000] "POST /Mobius/lch2/co2 HTTP/1.1" 201 - "-" "-"
::ffff:127.0.0.1 - - [30/Aug/2017:07:22:56 +0000] "POST /Mobius/lch2/co2 HTTP/1.1" 201 - "-" "-"
::ffff:127.0.0.1 - - [30/Aug/2017:07:23:01 +0000] "POST /Mobius/lch2/co2 HTTP/1.1" 201 - "-" "-"
::ffff:127.0.0.1 - - [30/Aug/2017:07:23:06 +0000] "POST /Mobius/lch2/co2 HTTP/1.1" 201 - "-" "-"
::ffff:127.0.0.1 - - [30/Aug/2017:07:23:11 +0000] "POST /Mobius/lch2/co2 HTTP/1.1" 201 - "-" "-"
::ffff:127.0.0.1 - - [30/Aug/2017:07:23:16 +0000] "POST /Mobius/lch2/co2 HTTP/1.1" 201 - "-" "-"
::ffff:127.0.0.1 - - [30/Aug/2017:07:23:21 +0000] "POST /Mobius/lch2/co2 HTTP/1.1" 201 - "-" "-"
::ffff:127.0.0.1 - - [30/Aug/2017:07:23:26 +0000] "POST /Mobius/lch2/co2 HTTP/1.1" 201 - "-" "-"
::ffff:127.0.0.1 - - [30/Aug/2017:07:23:31 +0000] "POST /Mobius/lch2/co2 HTTP/1.1" 201 - "-" "-"
::ffff:127.0.0.1 - - [30/Aug/2017:07:23:36 +0000] "POST /Mobius/lch2/co2 HTTP/1.1" 201 - "-" "-"
::ffff:127.0.0.1 - - [30/Aug/2017:07:23:41 +0000] "POST /Mobius/lch2/co2 HTTP/1.1" 201 - "-" "-"
::ffff:127.0.0.1 - - [30/Aug/2017:07:23:46 +0000] "POST /Mobius/lch2/co2 HTTP/1.1" 201 - "-" "-"
::ffff:127.0.0.1 - - [30/Aug/2017:07:23:51 +0000] "POST /Mobius/lch2/co2 HTTP/1.1" 201 - "-" "-"
::ffff:127.0.0.1 - - [30/Aug/2017:07:23:56 +0000] "POST /Mobius/lch2/co2 HTTP/1.1" 201 - "-" "-"
::ffff:127.0.0.1 - - [30/Aug/2017:07:24:01 +0000] "POST /Mobius/lch2/co2 HTTP/1.1" 201 - "-" "-"
::ffff:127.0.0.1 - - [30/Aug/2017:07:24:06 +0000] "POST /Mobius/lch2/co2 HTTP/1.1" 201 - "-" "-"
::ffff:127.0.0.1 - - [30/Aug/2017:07:24:11 +0000] "POST /Mobius/lch2/co2 HTTP/1.1" 201 - "-" "-"
::ffff:127.0.0.1 - - [30/Aug/2017:07:24:16 +0000] "POST /Mobius/lch2/co2 HTTP/1.1" 201 - "-" "-"
::ffff:127.0.0.1 - - [30/Aug/2017:07:24:21 +0000] "POST /Mobius/lch2/co2 HTTP/1.1" 201 - "-" "-"
::ffff:127.0.0.1 - - [30/Aug/2017:07:24:26 +0000] "POST /Mobius/lch2/co2 HTTP/1.1" 201 - "-" "-"
::ffff:127.0.0.1 - - [30/Aug/2017:07:24:31 +0000] "POST /Mobius/lch2/co2 HTTP/1.1" 201 - "-" "-"
::ffff:127.0.0.1 - - [30/Aug/2017:07:24:36 +0000] "POST /Mobius/lch2/co2 HTTP/1.1" 201 - "-" "-"
::ffff:127.0.0.1 - - [30/Aug/2017:07:24:41 +0000] "POST /Mobius/lch2/co2 HTTP/1.1" 201 - "-" "-"
::ffff:127.0.0.1 - - [30/Aug/2017:07:24:46 +0000] "POST /Mobius/lch2/co2 HTTP/1.1" 201 - "-" "-"
::ffff:127.0.0.1 - - [30/Aug/2017:07:24:51 +0000] "POST /Mobius/lch2/co2 HTTP/1.1" 201 - "-" "-"
::ffff:127.0.0.1 - - [30/Aug/2017:07:24:56 +0000] "POST /Mobius/lch2/co2 HTTP/1.1" 201 - "-" "-"
::ffff:127.0.0.1 - - [30/Aug/2017:07:25:01 +0000] "POST /Mobius/lch2/co2 HTTP/1.1" 201 - "-" "-"
::ffff:127.0.0.1 - - [30/Aug/2017:07:25:06 +0000] "POST /Mobius/lch2/co2 HTTP/1.1" 201 - "-" "-"
::ffff:127.0.0.1 - - [30/Aug/2017:07:25:11 +0000] "POST /Mobius/lch2/co2 HTTP/1.1" 201 - "-" "-"
::ffff:127.0.0.1 - - [30/Aug/2017:07:25:16 +0000] "POST /Mobius/lch2/co2 HTTP/1.1" 201 - "-" "-"
::ffff:127.0.0.1 - - [30/Aug/2017:07:25:21 +0000] "POST /Mobius/lch2/co2 HTTP/1.1" 201 - "-" "-"
::ffff:127.0.0.1 - - [30/Aug/2017:07:25:26 +0000] "POST /Mobius/lch2/co2 HTTP/1.1" 201 - "-" "-"
::ffff:127.0.0.1 - - [30/Aug/2017:07:25:31 +0000] "POST /Mobius/lch2/co2 HTTP/1.1" 201 - "-" "-"
::ffff:127.0.0.1 - - [30/Aug/2017:07:25:36 +0000] "POST /Mobius/lch2/co2 HTTP/1.1" 201 - "-" "-"
::ffff:127.0.0.1 - - [30/Aug/2017:07:25:41 +0000] "POST /Mobius/lch2/co2 HTTP/1.1" 201 - "-" "-"
::ffff:127.0.0.1 - - [30/Aug/2017:07:25:46 +0000] "POST /Mobius/lch2/co2 HTTP/1.1" 201 - "-" "-"
::ffff:127.0.0.1 - - [30/Aug/2017:07:25:51 +0000] "POST /Mobius/lch2/co2 HTTP/1.1" 201 - "-" "-"
::ffff:127.0.0.1 - - [30/Aug/2017:07:25:56 +0000] "POST /Mobius/lch2/co2 HTTP/1.1" 201 - "-" "-"
::ffff:127.0.0.1 - - [30/Aug/2017:07:26:10 +0000] "POST /Mobius/lch2/co2 HTTP/1.1" 201 - "-" "-"
::ffff:127.0.0.1 - - [30/Aug/2017:07:26:10 +0000] "POST /Mobius/lch2/co2 HTTP/1.1" 201 - "-" "-"
::ffff:127.0.0.1 - - [30/Aug/2017:07:26:11 +0000] "POST /Mobius/lch2/co2 HTTP/1.1" 201 - "-" "-"
::ffff:127.0.0.1 - - [30/Aug/2017:07:26:16 +0000] "POST /Mobius/lch2/co2 HTTP/1.1" 201 - "-" "-"
::ffff:127.0.0.1 - - [30/Aug/2017:07:26:21 +0000] "POST /Mobius/lch2/co2 HTTP/1.1" 201 - "-" "-"
::ffff:127.0.0.1 - - [30/Aug/2017:07:26:26 +0000] "POST /Mobius/lch2/co2 HTTP/1.1" 201 - "-" "-"
::ffff:127.0.0.1 - - [30/Aug/2017:07:26:31 +0000] "POST /Mobius/lch2/co2 HTTP/1.1" 201 - "-" "-"
::ffff:127.0.0.1 - - [30/Aug/2017:07:26:36 +0000] "POST /Mobius/lch2/co2 HTTP/1.1" 201 - "-" "-"
::ffff:127.0.0.1 - - [30/Aug/2017:07:26:41 +0000] "POST /Mobius/lch2/co2 HTTP/1.1" 201 - "-" "-"
::ffff:127.0.0.1 - - [30/Aug/2017:07:26:46 +0000] "POST /Mobius/lch2/co2 HTTP/1.1" 201 - "-" "-"
::ffff:127.0.0.1 - - [30/Aug/2017:07:26:51 +0000] "POST /Mobius/lch2/co2 HTTP/1.1" 201 - "-" "-"
::ffff:127.0.0.1 - - [30/Aug/2017:07:26:57 +0000] "POST /Mobius/lch2/co2 HTTP/1.1" 201 - "-" "-"
::ffff:127.0.0.1 - - [30/Aug/2017:07:27:01 +0000] "POST /Mobius/lch2/co2 HTTP/1.1" 201 - "-" "-"
::ffff:127.0.0.1 - - [30/Aug/2017:07:27:06 +0000] "POST /Mobius/lch2/co2 HTTP/1.1" 201 - "-" "-"
::ffff:127.0.0.1 - - [30/Aug/2017:07:27:11 +0000] "POST /Mobius/lch2/co2 HTTP/1.1" 201 - "-" "-"
::ffff:127.0.0.1 - - [30/Aug/2017:07:27:16 +0000] "POST /Mobius/lch2/co2 HTTP/1.1" 201 - "-" "-"
::ffff:127.0.0.1 - - [30/Aug/2017:07:27:21 +0000] "POST /Mobius/lch2/co2 HTTP/1.1" 201 - "-" "-"
::ffff:127.0.0.1 - - [30/Aug/2017:07:27:26 +0000] "POST /Mobius/lch2/co2 HTTP/1.1" 201 - "-" "-"
::ffff:127.0.0.1 - - [30/Aug/2017:07:27:31 +0000] "POST /Mobius/lch2/co2 HTTP/1.1" 201 - "-" "-"
::ffff:127.0.0.1 - - [30/Aug/2017:07:27:36 +0000] "POST /Mobius/lch2/co2 HTTP/1.1" 201 - "-" "-"
::ffff:127.0.0.1 - - [30/Aug/2017:07:27:40 +0000] "POST /Mobius/lch2/co2 HTTP/1.1" 201 - "-" "-"
::ffff:127.0.0.1 - - [30/Aug/2017:07:27:45 +0000] "POST /Mobius/lch2/co2 HTTP/1.1" 201 - "-" "-"
::ffff:127.0.0.1 - - [30/Aug/2017:07:27:50 +0000] "POST /Mobius/lch2/co2 HTTP/1.1" 201 - "-" "-"
::ffff:127.0.0.1 - - [30/Aug/2017:07:27:55 +0000] "POST /Mobius/lch2/co2 HTTP/1.1" 201 - "-" "-"
::ffff:127.0.0.1 - - [30/Aug/2017:07:28:00 +0000] "POST /Mobius/lch2/co2 HTTP/1.1" 201 - "-" "-"
::ffff:127.0.0.1 - - [30/Aug/2017:07:28:05 +0000] "POST /Mobius/lch2/co2 HTTP/1.1" 201 - "-" "-"
::ffff:127.0.0.1 - - [30/Aug/2017:07:28:10 +0000] "POST /Mobius/lch2/co2 HTTP/1.1" 201 - "-" "-"
::ffff:127.0.0.1 - - [30/Aug/2017:07:28:15 +0000] "POST /Mobius/lch2/co2 HTTP/1.1" 201 - "-" "-"
::ffff:127.0.0.1 - - [30/Aug/2017:07:28:20 +0000] "POST /Mobius/lch2/co2 HTTP/1.1" 201 - "-" "-"
::ffff:127.0.0.1 - - [30/Aug/2017:07:28:25 +0000] "POST /Mobius/lch2/co2 HTTP/1.1" 201 - "-" "-"
::ffff:127.0.0.1 - - [30/Aug/2017:07:28:30 +0000] "POST /Mobius/lch2/co2 HTTP/1.1" 201 - "-" "-"
::ffff:127.0.0.1 - - [30/Aug/2017:07:28:35 +0000] "POST /Mobius/lch2/co2 HTTP/1.1" 201 - "-" "-"
::ffff:127.0.0.1 - - [30/Aug/2017:07:28:40 +0000] "POST /Mobius/lch2/co2 HTTP/1.1" 201 - "-" "-"
::ffff:127.0.0.1 - - [30/Aug/2017:07:28:45 +0000] "POST /Mobius/lch2/co2 HTTP/1.1" 201 - "-" "-"
::ffff:127.0.0.1 - - [30/Aug/2017:07:28:50 +0000] "POST /Mobius/lch2/co2 HTTP/1.1" 201 - "-" "-"
::ffff:127.0.0.1 - - [30/Aug/2017:07:28:55 +0000] "POST /Mobius/lch2/co2 HTTP/1.1" 201 - "-" "-"
::ffff:127.0.0.1 - - [30/Aug/2017:07:29:00 +0000] "POST /Mobius/lch2/co2 HTTP/1.1" 201 - "-" "-"
::ffff:127.0.0.1 - - [30/Aug/2017:07:29:05 +0000] "POST /Mobius/lch2/co2 HTTP/1.1" 201 - "-" "-"
::ffff:127.0.0.1 - - [30/Aug/2017:07:29:10 +0000] "POST /Mobius/lch2/co2 HTTP/1.1" 201 - "-" "-"
::ffff:192.168.0.52 - - [30/Aug/2017:07:29:15 +0000] "POST /lch2 HTTP/1.1" 403 - "-" "Dalvik/2.1.0 (Linux; U; Android 7.0; SM-G935S Build/NRD90M)"
::ffff:127.0.0.1 - - [30/Aug/2017:07:29:15 +0000] "POST /Mobius/lch2/co2 HTTP/1.1" 201 - "-" "-"
::ffff:192.168.0.52 - - [30/Aug/2017:07:29:15 +0000] "GET /lch2/ncubeapp HTTP/1.1" 404 - "-" "Dalvik/2.1.0 (Linux; U; Android 7.0; SM-G935S Build/NRD90M)"
::ffff:127.0.0.1 - - [30/Aug/2017:07:29:20 +0000] "POST /Mobius/lch2/co2 HTTP/1.1" 201 - "-" "-"
::ffff:192.168.0.52 - - [30/Aug/2017:07:29:22 +0000] "POST /lch2/led HTTP/1.1" 201 - "-" "Dalvik/2.1.0 (Linux; U; Android 7.0; SM-G935S Build/NRD90M)"
::ffff:192.168.0.52 - - [30/Aug/2017:07:29:25 +0000] "POST /lch2/led HTTP/1.1" 201 - "-" "Dalvik/2.1.0 (Linux; U; Android 7.0; SM-G935S Build/NRD90M)"
::ffff:127.0.0.1 - - [30/Aug/2017:07:29:25 +0000] "POST /Mobius/lch2/co2 HTTP/1.1" 201 - "-" "-"
::ffff:192.168.0.52 - - [30/Aug/2017:07:29:30 +0000] "POST /lch2/led HTTP/1.1" 201 - "-" "Dalvik/2.1.0 (Linux; U; Android 7.0; SM-G935S Build/NRD90M)"
::ffff:127.0.0.1 - - [30/Aug/2017:07:29:30 +0000] "POST /Mobius/lch2/co2 HTTP/1.1" 201 - "-" "-"
::ffff:192.168.0.52 - - [30/Aug/2017:07:29:30 +0000] "POST /lch2/led HTTP/1.1" 201 - "-" "Dalvik/2.1.0 (Linux; U; Android 7.0; SM-G935S Build/NRD90M)"
::ffff:192.168.0.52 - - [30/Aug/2017:07:29:31 +0000] "POST /lch2/led HTTP/1.1" 201 - "-" "Dalvik/2.1.0 (Linux; U; Android 7.0; SM-G935S Build/NRD90M)"
::ffff:192.168.0.52 - - [30/Aug/2017:07:29:32 +0000] "POST /lch2/led HTTP/1.1" 201 - "-" "Dalvik/2.1.0 (Linux; U; Android 7.0; SM-G935S Build/NRD90M)"
::ffff:192.168.0.52 - - [30/Aug/2017:07:29:32 +0000] "POST /lch2/led HTTP/1.1" 201 - "-" "Dalvik/2.1.0 (Linux; U; Android 7.0; SM-G935S Build/NRD90M)"
::ffff:192.168.0.52 - - [30/Aug/2017:07:29:33 +0000] "POST /lch2/led HTTP/1.1" 201 - "-" "Dalvik/2.1.0 (Linux; U; Android 7.0; SM-G935S Build/NRD90M)"
::ffff:192.168.0.52 - - [30/Aug/2017:07:29:33 +0000] "POST /lch2/led HTTP/1.1" 201 - "-" "Dalvik/2.1.0 (Linux; U; Android 7.0; SM-G935S Build/NRD90M)"
::ffff:192.168.0.52 - - [30/Aug/2017:07:29:34 +0000] "POST /lch2/led HTTP/1.1" 201 - "-" "Dalvik/2.1.0 (Linux; U; Android 7.0; SM-G935S Build/NRD90M)"
::ffff:127.0.0.1 - - [30/Aug/2017:07:29:35 +0000] "POST /Mobius/lch2/co2 HTTP/1.1" 201 - "-" "-"
::ffff:192.168.0.52 - - [30/Aug/2017:07:29:35 +0000] "GET /lch2/lch2/co2/latest HTTP/1.1" 404 - "-" "Dalvik/2.1.0 (Linux; U; Android 7.0; SM-G935S Build/NRD90M)"
::ffff:127.0.0.1 - - [30/Aug/2017:07:29:40 +0000] "POST /Mobius/lch2/co2 HTTP/1.1" 201 - "-" "-"
::ffff:192.168.0.52 - - [30/Aug/2017:07:29:45 +0000] "POST /lch2/led HTTP/1.1" 201 - "-" "Dalvik/2.1.0 (Linux; U; Android 7.0; SM-G935S Build/NRD90M)"
::ffff:127.0.0.1 - - [30/Aug/2017:07:29:45 +0000] "POST /Mobius/lch2/co2 HTTP/1.1" 201 - "-" "-"
::ffff:192.168.0.52 - - [30/Aug/2017:07:29:46 +0000] "POST /lch2/led HTTP/1.1" 201 - "-" "Dalvik/2.1.0 (Linux; U; Android 7.0; SM-G935S Build/NRD90M)"
::ffff:192.168.0.52 - - [30/Aug/2017:07:29:46 +0000] "POST /lch2/led HTTP/1.1" 201 - "-" "Dalvik/2.1.0 (Linux; U; Android 7.0; SM-G935S Build/NRD90M)"
::ffff:192.168.0.52 - - [30/Aug/2017:07:29:47 +0000] "POST /lch2/led HTTP/1.1" 201 - "-" "Dalvik/2.1.0 (Linux; U; Android 7.0; SM-G935S Build/NRD90M)"
::ffff:192.168.0.52 - - [30/Aug/2017:07:29:49 +0000] "POST /lch2/led HTTP/1.1" 201 - "-" "Dalvik/2.1.0 (Linux; U; Android 7.0; SM-G935S Build/NRD90M)"
::ffff:192.168.0.52 - - [30/Aug/2017:07:29:49 +0000] "POST /lch2/led HTTP/1.1" 201 - "-" "Dalvik/2.1.0 (Linux; U; Android 7.0; SM-G935S Build/NRD90M)"
::ffff:127.0.0.1 - - [30/Aug/2017:07:29:50 +0000] "POST /Mobius/lch2/co2 HTTP/1.1" 201 - "-" "-"
::ffff:127.0.0.1 - - [30/Aug/2017:07:29:55 +0000] "POST /Mobius/lch2/co2 HTTP/1.1" 201 - "-" "-"
::ffff:127.0.0.1 - - [30/Aug/2017:07:30:00 +0000] "POST /Mobius/lch2/co2 HTTP/1.1" 201 - "-" "-"
::ffff:127.0.0.1 - - [30/Aug/2017:07:30:05 +0000] "POST /Mobius/lch2/co2 HTTP/1.1" 201 - "-" "-"
::ffff:127.0.0.1 - - [30/Aug/2017:07:30:10 +0000] "POST /Mobius/lch2/co2 HTTP/1.1" 201 - "-" "-"
::ffff:127.0.0.1 - - [30/Aug/2017:07:30:15 +0000] "POST /Mobius/lch2/co2 HTTP/1.1" 201 - "-" "-"
::ffff:192.168.0.52 - - [30/Aug/2017:07:30:17 +0000] "POST /lch2 HTTP/1.1" 403 - "-" "Dalvik/2.1.0 (Linux; U; Android 7.0; SM-G935S Build/NRD90M)"
::ffff:192.168.0.52 - - [30/Aug/2017:07:30:17 +0000] "GET /lch2/ncubeapp HTTP/1.1" 404 - "-" "Dalvik/2.1.0 (Linux; U; Android 7.0; SM-G935S Build/NRD90M)"
::ffff:127.0.0.1 - - [30/Aug/2017:07:30:20 +0000] "POST /Mobius/lch2/co2 HTTP/1.1" 201 - "-" "-"
::ffff:192.168.0.52 - - [30/Aug/2017:07:30:21 +0000] "GET /lch2/co2/latest HTTP/1.1" 200 - "-" "Dalvik/2.1.0 (Linux; U; Android 7.0; SM-G935S Build/NRD90M)"
::ffff:192.168.0.52 - - [30/Aug/2017:07:30:22 +0000] "POST /lch2/lch2/cnt-co2 HTTP/1.1" 404 - "-" "Dalvik/2.1.0 (Linux; U; Android 7.0; SM-G935S Build/NRD90M)"
::ffff:127.0.0.1 - - [30/Aug/2017:07:30:25 +0000] "POST /Mobius/lch2/co2 HTTP/1.1" 201 - "-" "-"
::ffff:192.168.0.52 - - [30/Aug/2017:07:30:27 +0000] "GET /lch2/co2/latest HTTP/1.1" 200 - "-" "Dalvik/2.1.0 (Linux; U; Android 7.0; SM-G935S Build/NRD90M)"
::ffff:192.168.0.52 - - [30/Aug/2017:07:30:27 +0000] "GET /lch2/co2/latest HTTP/1.1" 200 - "-" "Dalvik/2.1.0 (Linux; U; Android 7.0; SM-G935S Build/NRD90M)"
::ffff:192.168.0.52 - - [30/Aug/2017:07:30:29 +0000] "POST /lch2/led HTTP/1.1" 201 - "-" "Dalvik/2.1.0 (Linux; U; Android 7.0; SM-G935S Build/NRD90M)"
::ffff:127.0.0.1 - - [30/Aug/2017:07:30:30 +0000] "POST /Mobius/lch2/co2 HTTP/1.1" 201 - "-" "-"
::ffff:192.168.0.52 - - [30/Aug/2017:07:30:31 +0000] "POST /lch2/led HTTP/1.1" 201 - "-" "Dalvik/2.1.0 (Linux; U; Android 7.0; SM-G935S Build/NRD90M)"
::ffff:192.168.0.52 - - [30/Aug/2017:07:30:31 +0000] "POST /lch2/led HTTP/1.1" 201 - "-" "Dalvik/2.1.0 (Linux; U; Android 7.0; SM-G935S Build/NRD90M)"
::ffff:192.168.0.52 - - [30/Aug/2017:07:30:32 +0000] "POST /lch2/led HTTP/1.1" 201 - "-" "Dalvik/2.1.0 (Linux; U; Android 7.0; SM-G935S Build/NRD90M)"
::ffff:192.168.0.52 - - [30/Aug/2017:07:30:32 +0000] "POST /lch2/led HTTP/1.1" 201 - "-" "Dalvik/2.1.0 (Linux; U; Android 7.0; SM-G935S Build/NRD90M)"
::ffff:192.168.0.52 - - [30/Aug/2017:07:30:32 +0000] "POST /lch2/led HTTP/1.1" 201 - "-" "Dalvik/2.1.0 (Linux; U; Android 7.0; SM-G935S Build/NRD90M)"
::ffff:192.168.0.52 - - [30/Aug/2017:07:30:32 +0000] "POST /lch2/led HTTP/1.1" 201 - "-" "Dalvik/2.1.0 (Linux; U; Android 7.0; SM-G935S Build/NRD90M)"
::ffff:192.168.0.52 - - [30/Aug/2017:07:30:33 +0000] "POST /lch2/led HTTP/1.1" 201 - "-" "Dalvik/2.1.0 (Linux; U; Android 7.0; SM-G935S Build/NRD90M)"
::ffff:192.168.0.52 - - [30/Aug/2017:07:30:34 +0000] "POST /lch2/led HTTP/1.1" 201 - "-" "Dalvik/2.1.0 (Linux; U; Android 7.0; SM-G935S Build/NRD90M)"
::ffff:192.168.0.52 - - [30/Aug/2017:07:30:34 +0000] "POST /lch2/led HTTP/1.1" 201 - "-" "Dalvik/2.1.0 (Linux; U; Android 7.0; SM-G935S Build/NRD90M)"
::ffff:192.168.0.52 - - [30/Aug/2017:07:30:34 +0000] "POST /lch2/led HTTP/1.1" 201 - "-" "Dalvik/2.1.0 (Linux; U; Android 7.0; SM-G935S Build/NRD90M)"
::ffff:192.168.0.52 - - [30/Aug/2017:07:30:34 +0000] "POST /lch2/led HTTP/1.1" 201 - "-" "Dalvik/2.1.0 (Linux; U; Android 7.0; SM-G935S Build/NRD90M)"
::ffff:192.168.0.52 - - [30/Aug/2017:07:30:34 +0000] "POST /lch2/led HTTP/1.1" 201 - "-" "Dalvik/2.1.0 (Linux; U; Android 7.0; SM-G935S Build/NRD90M)"
::ffff:192.168.0.52 - - [30/Aug/2017:07:30:34 +0000] "POST /lch2/led HTTP/1.1" 201 - "-" "Dalvik/2.1.0 (Linux; U; Android 7.0; SM-G935S Build/NRD90M)"
::ffff:192.168.0.52 - - [30/Aug/2017:07:30:35 +0000] "POST /lch2/led HTTP/1.1" 201 - "-" "Dalvik/2.1.0 (Linux; U; Android 7.0; SM-G935S Build/NRD90M)"
::ffff:192.168.0.52 - - [30/Aug/2017:07:30:35 +0000] "POST /lch2/led HTTP/1.1" 201 - "-" "Dalvik/2.1.0 (Linux; U; Android 7.0; SM-G935S Build/NRD90M)"
::ffff:192.168.0.52 - - [30/Aug/2017:07:30:35 +0000] "POST /lch2/led HTTP/1.1" 201 - "-" "Dalvik/2.1.0 (Linux; U; Android 7.0; SM-G935S Build/NRD90M)"
::ffff:192.168.0.52 - - [30/Aug/2017:07:30:35 +0000] "POST /lch2/led HTTP/1.1" 201 - "-" "Dalvik/2.1.0 (Linux; U; Android 7.0; SM-G935S Build/NRD90M)"
::ffff:192.168.0.52 - - [30/Aug/2017:07:30:35 +0000] "POST /lch2/led HTTP/1.1" 201 - "-" "Dalvik/2.1.0 (Linux; U; Android 7.0; SM-G935S Build/NRD90M)"
::ffff:127.0.0.1 - - [30/Aug/2017:07:30:35 +0000] "POST /Mobius/lch2/co2 HTTP/1.1" 201 - "-" "-"
::ffff:192.168.0.52 - - [30/Aug/2017:07:30:35 +0000] "POST /lch2/led HTTP/1.1" 201 - "-" "Dalvik/2.1.0 (Linux; U; Android 7.0; SM-G935S Build/NRD90M)"
::ffff:192.168.0.52 - - [30/Aug/2017:07:30:35 +0000] "POST /lch2/led HTTP/1.1" 201 - "-" "Dalvik/2.1.0 (Linux; U; Android 7.0; SM-G935S Build/NRD90M)"
::ffff:192.168.0.52 - - [30/Aug/2017:07:30:35 +0000] "POST /lch2/led HTTP/1.1" 201 - "-" "Dalvik/2.1.0 (Linux; U; Android 7.0; SM-G935S Build/NRD90M)"
::ffff:192.168.0.52 - - [30/Aug/2017:07:30:35 +0000] "POST /lch2/led HTTP/1.1" 201 - "-" "Dalvik/2.1.0 (Linux; U; Android 7.0; SM-G935S Build/NRD90M)"
::ffff:192.168.0.52 - - [30/Aug/2017:07:30:35 +0000] "POST /lch2/led HTTP/1.1" 201 - "-" "Dalvik/2.1.0 (Linux; U; Android 7.0; SM-G935S Build/NRD90M)"
::ffff:192.168.0.52 - - [30/Aug/2017:07:30:35 +0000] "POST /lch2/led HTTP/1.1" 201 - "-" "Dalvik/2.1.0 (Linux; U; Android 7.0; SM-G935S Build/NRD90M)"
::ffff:192.168.0.52 - - [30/Aug/2017:07:30:36 +0000] "POST /lch2/led HTTP/1.1" 201 - "-" "Dalvik/2.1.0 (Linux; U; Android 7.0; SM-G935S Build/NRD90M)"
::ffff:192.168.0.52 - - [30/Aug/2017:07:30:36 +0000] "POST /lch2/led HTTP/1.1" 201 - "-" "Dalvik/2.1.0 (Linux; U; Android 7.0; SM-G935S Build/NRD90M)"
::ffff:192.168.0.52 - - [30/Aug/2017:07:30:36 +0000] "POST /lch2/led HTTP/1.1" 201 - "-" "Dalvik/2.1.0 (Linux; U; Android 7.0; SM-G935S Build/NRD90M)"
::ffff:192.168.0.52 - - [30/Aug/2017:07:30:36 +0000] "POST /lch2/led HTTP/1.1" 201 - "-" "Dalvik/2.1.0 (Linux; U; Android 7.0; SM-G935S Build/NRD90M)"
::ffff:192.168.0.52 - - [30/Aug/2017:07:30:36 +0000] "POST /lch2/led HTTP/1.1" 201 - "-" "Dalvik/2.1.0 (Linux; U; Android 7.0; SM-G935S Build/NRD90M)"
::ffff:192.168.0.52 - - [30/Aug/2017:07:30:36 +0000] "POST /lch2/led HTTP/1.1" 201 - "-" "Dalvik/2.1.0 (Linux; U; Android 7.0; SM-G935S Build/NRD90M)"
::ffff:192.168.0.52 - - [30/Aug/2017:07:30:36 +0000] "POST /lch2/led HTTP/1.1" 201 - "-" "Dalvik/2.1.0 (Linux; U; Android 7.0; SM-G935S Build/NRD90M)"
::ffff:192.168.0.52 - - [30/Aug/2017:07:30:37 +0000] "POST /lch2/led HTTP/1.1" 201 - "-" "Dalvik/2.1.0 (Linux; U; Android 7.0; SM-G935S Build/NRD90M)"
::ffff:192.168.0.52 - - [30/Aug/2017:07:30:37 +0000] "POST /lch2/led HTTP/1.1" 201 - "-" "Dalvik/2.1.0 (Linux; U; Android 7.0; SM-G935S Build/NRD90M)"
::ffff:192.168.0.52 - - [30/Aug/2017:07:30:37 +0000] "POST /lch2/led HTTP/1.1" 201 - "-" "Dalvik/2.1.0 (Linux; U; Android 7.0; SM-G935S Build/NRD90M)"
::ffff:192.168.0.52 - - [30/Aug/2017:07:30:37 +0000] "POST /lch2/led HTTP/1.1" 201 - "-" "Dalvik/2.1.0 (Linux; U; Android 7.0; SM-G935S Build/NRD90M)"
::ffff:192.168.0.52 - - [30/Aug/2017:07:30:37 +0000] "POST /lch2/led HTTP/1.1" 201 - "-" "Dalvik/2.1.0 (Linux; U; Android 7.0; SM-G935S Build/NRD90M)"
::ffff:192.168.0.52 - - [30/Aug/2017:07:30:38 +0000] "POST /lch2/led HTTP/1.1" 201 - "-" "Dalvik/2.1.0 (Linux; U; Android 7.0; SM-G935S Build/NRD90M)"
::ffff:192.168.0.52 - - [30/Aug/2017:07:30:38 +0000] "POST /lch2/led HTTP/1.1" 201 - "-" "Dalvik/2.1.0 (Linux; U; Android 7.0; SM-G935S Build/NRD90M)"
::ffff:192.168.0.52 - - [30/Aug/2017:07:30:38 +0000] "POST /lch2/led HTTP/1.1" 201 - "-" "Dalvik/2.1.0 (Linux; U; Android 7.0; SM-G935S Build/NRD90M)"
::ffff:192.168.0.52 - - [30/Aug/2017:07:30:38 +0000] "POST /lch2/led HTTP/1.1" 201 - "-" "Dalvik/2.1.0 (Linux; U; Android 7.0; SM-G935S Build/NRD90M)"
::ffff:192.168.0.52 - - [30/Aug/2017:07:30:38 +0000] "POST /lch2/led HTTP/1.1" 201 - "-" "Dalvik/2.1.0 (Linux; U; Android 7.0; SM-G935S Build/NRD90M)"
::ffff:192.168.0.52 - - [30/Aug/2017:07:30:39 +0000] "POST /lch2/led HTTP/1.1" 201 - "-" "Dalvik/2.1.0 (Linux; U; Android 7.0; SM-G935S Build/NRD90M)"
::ffff:192.168.0.52 - - [30/Aug/2017:07:30:39 +0000] "POST /lch2/led HTTP/1.1" 201 - "-" "Dalvik/2.1.0 (Linux; U; Android 7.0; SM-G935S Build/NRD90M)"
::ffff:192.168.0.52 - - [30/Aug/2017:07:30:39 +0000] "POST /lch2/led HTTP/1.1" 201 - "-" "Dalvik/2.1.0 (Linux; U; Android 7.0; SM-G935S Build/NRD90M)"
::ffff:192.168.0.52 - - [30/Aug/2017:07:30:39 +0000] "POST /lch2/led HTTP/1.1" 201 - "-" "Dalvik/2.1.0 (Linux; U; Android 7.0; SM-G935S Build/NRD90M)"
::ffff:192.168.0.52 - - [30/Aug/2017:07:30:39 +0000] "POST /lch2/led HTTP/1.1" 201 - "-" "Dalvik/2.1.0 (Linux; U; Android 7.0; SM-G935S Build/NRD90M)"
::ffff:192.168.0.52 - - [30/Aug/2017:07:30:39 +0000] "POST /lch2/led HTTP/1.1" 201 - "-" "Dalvik/2.1.0 (Linux; U; Android 7.0; SM-G935S Build/NRD90M)"
::ffff:192.168.0.52 - - [30/Aug/2017:07:30:39 +0000] "POST /lch2/led HTTP/1.1" 201 - "-" "Dalvik/2.1.0 (Linux; U; Android 7.0; SM-G935S Build/NRD90M)"
::ffff:192.168.0.52 - - [30/Aug/2017:07:30:40 +0000] "POST /lch2/led HTTP/1.1" 201 - "-" "Dalvik/2.1.0 (Linux; U; Android 7.0; SM-G935S Build/NRD90M)"
::ffff:192.168.0.52 - - [30/Aug/2017:07:30:40 +0000] "POST /lch2/led HTTP/1.1" 201 - "-" "Dalvik/2.1.0 (Linux; U; Android 7.0; SM-G935S Build/NRD90M)"
::ffff:192.168.0.52 - - [30/Aug/2017:07:30:40 +0000] "POST /lch2/led HTTP/1.1" 201 - "-" "Dalvik/2.1.0 (Linux; U; Android 7.0; SM-G935S Build/NRD90M)"
::ffff:127.0.0.1 - - [30/Aug/2017:07:30:40 +0000] "POST /Mobius/lch2/co2 HTTP/1.1" 201 - "-" "-"
::ffff:192.168.0.52 - - [30/Aug/2017:07:30:40 +0000] "POST /lch2/led HTTP/1.1" 201 - "-" "Dalvik/2.1.0 (Linux; U; Android 7.0; SM-G935S Build/NRD90M)"
::ffff:192.168.0.52 - - [30/Aug/2017:07:30:40 +0000] "POST /lch2/led HTTP/1.1" 201 - "-" "Dalvik/2.1.0 (Linux; U; Android 7.0; SM-G935S Build/NRD90M)"
::ffff:192.168.0.52 - - [30/Aug/2017:07:30:40 +0000] "POST /lch2/led HTTP/1.1" 201 - "-" "Dalvik/2.1.0 (Linux; U; Android 7.0; SM-G935S Build/NRD90M)"
::ffff:192.168.0.52 - - [30/Aug/2017:07:30:41 +0000] "POST /lch2/led HTTP/1.1" 201 - "-" "Dalvik/2.1.0 (Linux; U; Android 7.0; SM-G935S Build/NRD90M)"
::ffff:192.168.0.52 - - [30/Aug/2017:07:30:41 +0000] "POST /lch2/led HTTP/1.1" 201 - "-" "Dalvik/2.1.0 (Linux; U; Android 7.0; SM-G935S Build/NRD90M)"
::ffff:192.168.0.52 - - [30/Aug/2017:07:30:41 +0000] "POST /lch2/led HTTP/1.1" 201 - "-" "Dalvik/2.1.0 (Linux; U; Android 7.0; SM-G935S Build/NRD90M)"
::ffff:192.168.0.52 - - [30/Aug/2017:07:30:42 +0000] "POST /lch2/led HTTP/1.1" 201 - "-" "Dalvik/2.1.0 (Linux; U; Android 7.0; SM-G935S Build/NRD90M)"
::ffff:192.168.0.52 - - [30/Aug/2017:07:30:42 +0000] "POST /lch2/led HTTP/1.1" 201 - "-" "Dalvik/2.1.0 (Linux; U; Android 7.0; SM-G935S Build/NRD90M)"
::ffff:192.168.0.52 - - [30/Aug/2017:07:30:42 +0000] "POST /lch2/led HTTP/1.1" 201 - "-" "Dalvik/2.1.0 (Linux; U; Android 7.0; SM-G935S Build/NRD90M)"
::ffff:192.168.0.52 - - [30/Aug/2017:07:30:42 +0000] "POST /lch2/led HTTP/1.1" 201 - "-" "Dalvik/2.1.0 (Linux; U; Android 7.0; SM-G935S Build/NRD90M)"
::ffff:192.168.0.52 - - [30/Aug/2017:07:30:42 +0000] "POST /lch2/led HTTP/1.1" 201 - "-" "Dalvik/2.1.0 (Linux; U; Android 7.0; SM-G935S Build/NRD90M)"
::ffff:192.168.0.52 - - [30/Aug/2017:07:30:45 +0000] "POST /lch2/lch2/cnt-co2 HTTP/1.1" 404 - "-" "Dalvik/2.1.0 (Linux; U; Android 7.0; SM-G935S Build/NRD90M)"
::ffff:127.0.0.1 - - [30/Aug/2017:07:30:45 +0000] "POST /Mobius/lch2/co2 HTTP/1.1" 201 - "-" "-"
::ffff:192.168.0.52 - - [30/Aug/2017:07:30:46 +0000] "GET /lch2/co2/latest HTTP/1.1" 200 - "-" "Dalvik/2.1.0 (Linux; U; Android 7.0; SM-G935S Build/NRD90M)"
::ffff:192.168.0.52 - - [30/Aug/2017:07:30:47 +0000] "GET /lch2/co2/latest HTTP/1.1" 200 - "-" "Dalvik/2.1.0 (Linux; U; Android 7.0; SM-G935S Build/NRD90M)"
::ffff:192.168.0.52 - - [30/Aug/2017:07:30:47 +0000] "GET /lch2/co2/latest HTTP/1.1" 200 - "-" "Dalvik/2.1.0 (Linux; U; Android 7.0; SM-G935S Build/NRD90M)"
::ffff:192.168.0.52 - - [30/Aug/2017:07:30:47 +0000] "GET /lch2/co2/latest HTTP/1.1" 200 - "-" "Dalvik/2.1.0 (Linux; U; Android 7.0; SM-G935S Build/NRD90M)"
::ffff:192.168.0.52 - - [30/Aug/2017:07:30:48 +0000] "GET /lch2/co2/latest HTTP/1.1" 200 - "-" "Dalvik/2.1.0 (Linux; U; Android 7.0; SM-G935S Build/NRD90M)"
::ffff:127.0.0.1 - - [30/Aug/2017:07:30:50 +0000] "POST /Mobius/lch2/co2 HTTP/1.1" 201 - "-" "-"
::ffff:127.0.0.1 - - [30/Aug/2017:07:30:55 +0000] "POST /Mobius/lch2/co2 HTTP/1.1" 201 - "-" "-"
::ffff:192.168.0.52 - - [30/Aug/2017:07:30:59 +0000] "POST /lch2/lch2/cnt-co2 HTTP/1.1" 404 - "-" "Dalvik/2.1.0 (Linux; U; Android 7.0; SM-G935S Build/NRD90M)"
::ffff:127.0.0.1 - - [30/Aug/2017:07:31:00 +0000] "POST /Mobius/lch2/co2 HTTP/1.1" 201 - "-" "-"
::ffff:192.168.0.52 - - [30/Aug/2017:07:31:02 +0000] "POST /lch2 HTTP/1.1" 403 - "-" "Dalvik/2.1.0 (Linux; U; Android 7.0; SM-G935S Build/NRD90M)"
::ffff:192.168.0.52 - - [30/Aug/2017:07:31:02 +0000] "GET /lch2/ncubeapp HTTP/1.1" 404 - "-" "Dalvik/2.1.0 (Linux; U; Android 7.0; SM-G935S Build/NRD90M)"
::ffff:127.0.0.1 - - [30/Aug/2017:07:31:05 +0000] "POST /Mobius/lch2/co2 HTTP/1.1" 201 - "-" "-"
::ffff:192.168.0.52 - - [30/Aug/2017:07:31:07 +0000] "POST /lch2/lch2/cnt-co2 HTTP/1.1" 404 - "-" "Dalvik/2.1.0 (Linux; U; Android 7.0; SM-G935S Build/NRD90M)"
::ffff:192.168.0.52 - - [30/Aug/2017:07:33:25 +0000] "POST /lch2 HTTP/1.1" 403 - "-" "Dalvik/2.1.0 (Linux; U; Android 7.0; SM-G935S Build/NRD90M)"
::ffff:192.168.0.52 - - [30/Aug/2017:07:33:25 +0000] "POST /lch2/co2 HTTP/1.1" 201 - "-" "Dalvik/2.1.0 (Linux; U; Android 7.0; SM-G935S Build/NRD90M)"
::ffff:192.168.0.52 - - [30/Aug/2017:07:33:25 +0000] "GET /lch2/ncubeapp HTTP/1.1" 404 - "-" "Dalvik/2.1.0 (Linux; U; Android 7.0; SM-G935S Build/NRD90M)"
::ffff:127.0.0.1 - - [30/Aug/2017:07:33:25 +0000] "POST /Mobius/lch2/co2 HTTP/1.1" 201 - "-" "-"
::ffff:127.0.0.1 - - [30/Aug/2017:07:33:29 +0000] "POST /Mobius/lch2/co2 HTTP/1.1" 201 - "-" "-"
::ffff:127.0.0.1 - - [30/Aug/2017:07:33:34 +0000] "POST /Mobius/lch2/co2 HTTP/1.1" 201 - "-" "-"
::ffff:127.0.0.1 - - [30/Aug/2017:07:33:39 +0000] "POST /Mobius/lch2/co2 HTTP/1.1" 201 - "-" "-"
::ffff:192.168.0.52 - - [30/Aug/2017:07:33:44 +0000] "GET /lch2/co2/latest HTTP/1.1" 200 - "-" "Dalvik/2.1.0 (Linux; U; Android 7.0; SM-G935S Build/NRD90M)"
::ffff:127.0.0.1 - - [30/Aug/2017:07:33:44 +0000] "POST /Mobius/lch2/co2 HTTP/1.1" 201 - "-" "-"
::ffff:192.168.0.52 - - [30/Aug/2017:07:33:48 +0000] "GET /lch2/co2/latest HTTP/1.1" 200 - "-" "Dalvik/2.1.0 (Linux; U; Android 7.0; SM-G935S Build/NRD90M)"
::ffff:127.0.0.1 - - [30/Aug/2017:07:33:49 +0000] "POST /Mobius/lch2/co2 HTTP/1.1" 201 - "-" "-"
::ffff:127.0.0.1 - - [30/Aug/2017:07:33:54 +0000] "POST /Mobius/lch2/co2 HTTP/1.1" 201 - "-" "-"
::ffff:192.168.0.52 - - [30/Aug/2017:07:33:56 +0000] "POST /lch2/co2 HTTP/1.1" 409 - "-" "Dalvik/2.1.0 (Linux; U; Android 7.0; SM-G935S Build/NRD90M)"
::ffff:192.168.0.52 - - [30/Aug/2017:07:33:59 +0000] "POST /lch2/led HTTP/1.1" 201 - "-" "Dalvik/2.1.0 (Linux; U; Android 7.0; SM-G935S Build/NRD90M)"
::ffff:127.0.0.1 - - [30/Aug/2017:07:33:59 +0000] "POST /Mobius/lch2/co2 HTTP/1.1" 201 - "-" "-"
::ffff:192.168.0.52 - - [30/Aug/2017:07:34:01 +0000] "POST /lch2/co2 HTTP/1.1" 409 - "-" "Dalvik/2.1.0 (Linux; U; Android 7.0; SM-G935S Build/NRD90M)"
::ffff:192.168.0.52 - - [30/Aug/2017:07:34:03 +0000] "POST /lch2/led HTTP/1.1" 201 - "-" "Dalvik/2.1.0 (Linux; U; Android 7.0; SM-G935S Build/NRD90M)"
::ffff:192.168.0.52 - - [30/Aug/2017:07:34:03 +0000] "POST /lch2/led HTTP/1.1" 201 - "-" "Dalvik/2.1.0 (Linux; U; Android 7.0; SM-G935S Build/NRD90M)"
::ffff:192.168.0.52 - - [30/Aug/2017:07:34:04 +0000] "POST /lch2/led HTTP/1.1" 201 - "-" "Dalvik/2.1.0 (Linux; U; Android 7.0; SM-G935S Build/NRD90M)"
::ffff:127.0.0.1 - - [30/Aug/2017:07:34:04 +0000] "POST /Mobius/lch2/co2 HTTP/1.1" 201 - "-" "-"
::ffff:192.168.0.52 - - [30/Aug/2017:07:34:05 +0000] "POST /lch2/led HTTP/1.1" 201 - "-" "Dalvik/2.1.0 (Linux; U; Android 7.0; SM-G935S Build/NRD90M)"
::ffff:192.168.0.52 - - [30/Aug/2017:07:34:06 +0000] "POST /lch2/led HTTP/1.1" 201 - "-" "Dalvik/2.1.0 (Linux; U; Android 7.0; SM-G935S Build/NRD90M)"
::ffff:192.168.0.52 - - [30/Aug/2017:07:34:07 +0000] "POST /lch2/led HTTP/1.1" 201 - "-" "Dalvik/2.1.0 (Linux; U; Android 7.0; SM-G935S Build/NRD90M)"
::ffff:192.168.0.52 - - [30/Aug/2017:07:34:09 +0000] "POST /lch2/co2 HTTP/1.1" 409 - "-" "Dalvik/2.1.0 (Linux; U; Android 7.0; SM-G935S Build/NRD90M)"
::ffff:127.0.0.1 - - [30/Aug/2017:07:34:09 +0000] "POST /Mobius/lch2/co2 HTTP/1.1" 201 - "-" "-"
::ffff:192.168.0.52 - - [30/Aug/2017:07:36:40 +0000] "POST /lch2 HTTP/1.1" 403 - "-" "Dalvik/2.1.0 (Linux; U; Android 7.0; SM-G935S Build/NRD90M)"
::ffff:192.168.0.52 - - [30/Aug/2017:07:36:40 +0000] "POST /lch2/co2 HTTP/1.1" 409 - "-" "Dalvik/2.1.0 (Linux; U; Android 7.0; SM-G935S Build/NRD90M)"
::ffff:127.0.0.1 - - [30/Aug/2017:07:36:40 +0000] "POST /Mobius/lch2/co2 HTTP/1.1" 201 - "-" "-"
::ffff:192.168.0.52 - - [30/Aug/2017:07:36:40 +0000] "GET /lch2/ncubeapp HTTP/1.1" 404 - "-" "Dalvik/2.1.0 (Linux; U; Android 7.0; SM-G935S Build/NRD90M)"
::ffff:127.0.0.1 - - [30/Aug/2017:07:36:44 +0000] "POST /Mobius/lch2/co2 HTTP/1.1" 201 - "-" "-"
::ffff:192.168.0.52 - - [30/Aug/2017:07:36:45 +0000] "POST /lch2/co2 HTTP/1.1" 409 - "-" "Dalvik/2.1.0 (Linux; U; Android 7.0; SM-G935S Build/NRD90M)"
::ffff:127.0.0.1 - - [30/Aug/2017:07:36:49 +0000] "POST /Mobius/lch2/co2 HTTP/1.1" 201 - "-" "-"
::ffff:192.168.0.52 - - [30/Aug/2017:07:36:52 +0000] "POST /lch2/co2 HTTP/1.1" 409 - "-" "Dalvik/2.1.0 (Linux; U; Android 7.0; SM-G935S Build/NRD90M)"
::ffff:192.168.0.52 - - [30/Aug/2017:07:38:35 +0000] "POST /lch2 HTTP/1.1" 403 - "-" "Dalvik/2.1.0 (Linux; U; Android 7.0; SM-G935S Build/NRD90M)"
::ffff:127.0.0.1 - - [30/Aug/2017:07:38:35 +0000] "POST /Mobius/lch2/co2 HTTP/1.1" 201 - "-" "-"
::ffff:192.168.0.52 - - [30/Aug/2017:07:38:35 +0000] "GET /lch2/ncubeapp HTTP/1.1" 404 - "-" "Dalvik/2.1.0 (Linux; U; Android 7.0; SM-G935S Build/NRD90M)"
::ffff:192.168.0.52 - - [30/Aug/2017:07:38:38 +0000] "POST /lch2/co2 HTTP/1.1" 409 - "-" "Dalvik/2.1.0 (Linux; U; Android 7.0; SM-G935S Build/NRD90M)"
::ffff:127.0.0.1 - - [30/Aug/2017:07:38:39 +0000] "POST /Mobius/lch2/co2 HTTP/1.1" 201 - "-" "-"
::ffff:127.0.0.1 - - [30/Aug/2017:07:38:44 +0000] "POST /Mobius/lch2/co2 HTTP/1.1" 201 - "-" "-"
::ffff:192.168.0.52 - - [30/Aug/2017:07:38:48 +0000] "GET /lch2/co2/latest HTTP/1.1" 200 - "-" "Dalvik/2.1.0 (Linux; U; Android 7.0; SM-G935S Build/NRD90M)"
::ffff:127.0.0.1 - - [30/Aug/2017:07:38:49 +0000] "POST /Mobius/lch2/co2 HTTP/1.1" 201 - "-" "-"
::ffff:127.0.0.1 - - [30/Aug/2017:07:38:54 +0000] "POST /Mobius/lch2/co2 HTTP/1.1" 201 - "-" "-"
::ffff:127.0.0.1 - - [30/Aug/2017:07:38:54 +0000] "DELETE /Mobius/lch2/co2/_rn HTTP/1.1" 404 - "-" "-"
::ffff:127.0.0.1 - - [30/Aug/2017:07:38:59 +0000] "POST /Mobius/lch2/co2 HTTP/1.1" 201 - "-" "-"
::ffff:127.0.0.1 - - [30/Aug/2017:07:39:03 +0000] "POST /Mobius/lch2/co2 HTTP/1.1" 201 - "-" "-"
::ffff:127.0.0.1 - - [30/Aug/2017:07:39:08 +0000] "POST /Mobius/lch2/co2 HTTP/1.1" 201 - "-" "-"
::ffff:127.0.0.1 - - [30/Aug/2017:07:39:13 +0000] "POST /Mobius/lch2/co2 HTTP/1.1" 201 - "-" "-"
::ffff:127.0.0.1 - - [30/Aug/2017:07:39:18 +0000] "POST /Mobius/lch2/co2 HTTP/1.1" 201 - "-" "-"
::ffff:192.168.0.52 - - [30/Aug/2017:07:39:30 +0000] "POST /lch2/co2 HTTP/1.1" 409 - "-" "Dalvik/2.1.0 (Linux; U; Android 7.0; SM-G935S Build/NRD90M)"
::ffff:192.168.0.52 - - [30/Aug/2017:07:39:30 +0000] "POST /lch2/co2 HTTP/1.1" 409 - "-" "Dalvik/2.1.0 (Linux; U; Android 7.0; SM-G935S Build/NRD90M)"
::ffff:192.168.0.52 - - [30/Aug/2017:07:39:30 +0000] "POST /lch2/co2 HTTP/1.1" 409 - "-" "Dalvik/2.1.0 (Linux; U; Android 7.0; SM-G935S Build/NRD90M)"
::ffff:192.168.0.52 - - [30/Aug/2017:07:39:30 +0000] "POST /lch2/co2 HTTP/1.1" 409 - "-" "Dalvik/2.1.0 (Linux; U; Android 7.0; SM-G935S Build/NRD90M)"
